Archive member included because of file (symbol)

/usr/lib/gcc/avr/4.5.3/avr5/libgcc.a(_exit.o)
                              /usr/lib/gcc/avr/4.5.3/../../../avr/lib/avr5/crtm32u4.o (exit)
/usr/lib/gcc/avr/4.5.3/avr5/libgcc.a(_copy_data.o)
                              PowCap.o (__do_copy_data)
/usr/lib/gcc/avr/4.5.3/avr5/libgcc.a(_clear_bss.o)
                              PowCap.o (__do_clear_bss)
/usr/lib/gcc/avr/4.5.3/../../../avr/lib/avr5/libc.a(strtol.o)
                              commands.o (strtol)
/usr/lib/gcc/avr/4.5.3/../../../avr/lib/avr5/libc.a(isxdigit.o)
                              FSM.o (isxdigit)
/usr/lib/gcc/avr/4.5.3/../../../avr/lib/avr5/libc.a(isspace.o)
                              FSM.o (isspace)
/usr/lib/gcc/avr/4.5.3/../../../avr/lib/avr5/libc.a(memcpy_P.o)
                              ../../PowCapMobile-FW/LUFA/Drivers/USB/Class/Device/RNDIS.o (memcpy_P)
/usr/lib/gcc/avr/4.5.3/../../../avr/lib/avr5/libc.a(memcmp.o)
                              ../../PowCapMobile-FW/LUFA/Drivers/USB/Class/Device/HID.o (memcmp)
/usr/lib/gcc/avr/4.5.3/../../../avr/lib/avr5/libc.a(memcpy.o)
                              ../../PowCapMobile-FW/LUFA/Drivers/USB/Class/Device/HID.o (memcpy)
/usr/lib/gcc/avr/4.5.3/../../../avr/lib/avr5/libc.a(memset.o)
                              ../../PowCapMobile-FW/LUFA/Drivers/USB/Class/Device/HID.o (memset)
/usr/lib/gcc/avr/4.5.3/../../../avr/lib/avr5/libc.a(eerd_byte_atmega32u4.o)
                              ../../PowCapMobile-FW/LUFA/Drivers/USB/Core/AVR8/EndpointStream_AVR8.o (__eerd_byte_m32u4)
/usr/lib/gcc/avr/4.5.3/../../../avr/lib/avr5/libc.a(eeupd_byte_atmega32u4.o)
                              ../../PowCapMobile-FW/LUFA/Drivers/USB/Core/AVR8/EndpointStream_AVR8.o (__eeupd_byte_m32u4)
/usr/lib/gcc/avr/4.5.3/../../../avr/lib/avr5/libc.a(errno.o)
                              /usr/lib/gcc/avr/4.5.3/../../../avr/lib/avr5/libc.a(strtol.o) (errno)
/usr/lib/gcc/avr/4.5.3/../../../avr/lib/avr5/libc.a(cty_isfalse.o)
                              /usr/lib/gcc/avr/4.5.3/../../../avr/lib/avr5/libc.a(isxdigit.o) (__ctype_isfalse)
/usr/lib/gcc/avr/4.5.3/avr5/libgcc.a(_mulsi3.o)
                              /usr/lib/gcc/avr/4.5.3/../../../avr/lib/avr5/libc.a(strtol.o) (__mulsi3)
/usr/lib/gcc/avr/4.5.3/avr5/libgcc.a(_udivmodsi4.o)
                              /usr/lib/gcc/avr/4.5.3/../../../avr/lib/avr5/libc.a(strtol.o) (__udivmodsi4)

Allocating common symbols
Common symbol       size              file

USB_IsInitialized   0x1               ../../PowCapMobile-FW/LUFA/Drivers/USB/Core/USBTask.o
errno               0x2               /usr/lib/gcc/avr/4.5.3/../../../avr/lib/avr5/libc.a(errno.o)
USB_Device_ConfigurationNumber
                    0x1               ../../PowCapMobile-FW/LUFA/Drivers/USB/Core/DeviceStandardReq.o
FSM_State           0x1               PowCap.o
cb_command          0x30              PowCap.o
USB_Device_CurrentlySelfPowered
                    0x1               ../../PowCapMobile-FW/LUFA/Drivers/USB/Core/DeviceStandardReq.o
USB_ControlRequest  0x8               ../../PowCapMobile-FW/LUFA/Drivers/USB/Core/USBTask.o
USB_Device_RemoteWakeupEnabled
                    0x1               ../../PowCapMobile-FW/LUFA/Drivers/USB/Core/DeviceStandardReq.o
cmd                 0x7               PowCap.o

Discarded input sections

 .data          0x00000000        0x0 /usr/lib/gcc/avr/4.5.3/../../../avr/lib/avr5/crtm32u4.o
 .bss           0x00000000        0x0 /usr/lib/gcc/avr/4.5.3/../../../avr/lib/avr5/crtm32u4.o
 .text          0x00000000        0x0 PowCap.o
 .text          0x00000000        0x0 Descriptors.o
 .data          0x00000000        0x0 Descriptors.o
 .bss           0x00000000        0x0 Descriptors.o
 .text          0x00000000        0x0 SPI.o
 .data          0x00000000        0x0 SPI.o
 .bss           0x00000000        0x0 SPI.o
 .text          0x00000000        0x0 filters.o
 .data          0x00000000        0x0 filters.o
 .bss           0x00000000        0x0 filters.o
 .text          0x00000000        0x0 FSM.o
 .data          0x00000000        0x0 FSM.o
 .bss           0x00000000        0x0 FSM.o
 .text          0x00000000        0x0 commands.o
 .data          0x00000000        0x0 commands.o
 .bss           0x00000000        0x0 commands.o
 .text          0x00000000        0x0 ../../PowCapMobile-FW/LUFA/Drivers/USB/Core/AVR8/Device_AVR8.o
 .data          0x00000000        0x0 ../../PowCapMobile-FW/LUFA/Drivers/USB/Core/AVR8/Device_AVR8.o
 .bss           0x00000000        0x0 ../../PowCapMobile-FW/LUFA/Drivers/USB/Core/AVR8/Device_AVR8.o
 .text.USB_Device_SendRemoteWakeup
                0x00000000       0x2c ../../PowCapMobile-FW/LUFA/Drivers/USB/Core/AVR8/Device_AVR8.o
 .text          0x00000000        0x0 ../../PowCapMobile-FW/LUFA/Drivers/USB/Core/AVR8/Endpoint_AVR8.o
 .data          0x00000000        0x0 ../../PowCapMobile-FW/LUFA/Drivers/USB/Core/AVR8/Endpoint_AVR8.o
[...]
Memory Configuration

Name             Origin             Length             Attributes
text             0x00000000         0x00020000         xr
data             0x00800060         0x0000ffa0         rw !x
eeprom           0x00810000         0x00010000         rw !x
fuse             0x00820000         0x00000400         rw !x
lock             0x00830000         0x00000400         rw !x
signature        0x00840000         0x00000400         rw !x
*default*        0x00000000         0xffffffff

Linker script and memory map

Address of section .data set to 0x800100
LOAD /usr/lib/gcc/avr/4.5.3/../../../avr/lib/avr5/crtm32u4.o
LOAD PowCap.o
LOAD Descriptors.o
LOAD SPI.o
LOAD filters.o
LOAD FSM.o
LOAD commands.o
LOAD ../../PowCapMobile-FW/LUFA/Drivers/USB/Core/AVR8/Device_AVR8.o
LOAD ../../PowCapMobile-FW/LUFA/Drivers/USB/Core/AVR8/Endpoint_AVR8.o
LOAD ../../PowCapMobile-FW/LUFA/Drivers/USB/Core/AVR8/Host_AVR8.o
LOAD ../../PowCapMobile-FW/LUFA/Drivers/USB/Core/AVR8/Pipe_AVR8.o
LOAD ../../PowCapMobile-FW/LUFA/Drivers/USB/Core/AVR8/USBController_AVR8.o
LOAD ../../PowCapMobile-FW/LUFA/Drivers/USB/Core/AVR8/USBInterrupt_AVR8.o
LOAD ../../PowCapMobile-FW/LUFA/Drivers/USB/Core/AVR8/EndpointStream_AVR8.o
LOAD ../../PowCapMobile-FW/LUFA/Drivers/USB/Core/AVR8/PipeStream_AVR8.o
LOAD ../../PowCapMobile-FW/LUFA/Drivers/USB/Core/ConfigDescriptor.o
LOAD ../../PowCapMobile-FW/LUFA/Drivers/USB/Core/DeviceStandardReq.o
LOAD ../../PowCapMobile-FW/LUFA/Drivers/USB/Core/Events.o
LOAD ../../PowCapMobile-FW/LUFA/Drivers/USB/Core/HostStandardReq.o
LOAD ../../PowCapMobile-FW/LUFA/Drivers/USB/Core/USBTask.o
LOAD ../../PowCapMobile-FW/LUFA/Drivers/USB/Class/Common/HIDParser.o
LOAD ../../PowCapMobile-FW/LUFA/Drivers/USB/Class/Device/Audio.o
LOAD ../../PowCapMobile-FW/LUFA/Drivers/USB/Class/Device/CDC.o
LOAD ../../PowCapMobile-FW/LUFA/Drivers/USB/Class/Device/HID.o
LOAD ../../PowCapMobile-FW/LUFA/Drivers/USB/Class/Device/MassStorage.o
LOAD ../../PowCapMobile-FW/LUFA/Drivers/USB/Class/Device/MIDI.o
LOAD ../../PowCapMobile-FW/LUFA/Drivers/USB/Class/Device/RNDIS.o
LOAD ../../PowCapMobile-FW/LUFA/Drivers/USB/Class/Host/Audio.o
LOAD ../../PowCapMobile-FW/LUFA/Drivers/USB/Class/Host/CDC.o
LOAD ../../PowCapMobile-FW/LUFA/Drivers/USB/Class/Host/HID.o
LOAD ../../PowCapMobile-FW/LUFA/Drivers/USB/Class/Host/MassStorage.o
LOAD ../../PowCapMobile-FW/LUFA/Drivers/USB/Class/Host/MIDI.o
LOAD ../../PowCapMobile-FW/LUFA/Drivers/USB/Class/Host/Printer.o
LOAD ../../PowCapMobile-FW/LUFA/Drivers/USB/Class/Host/RNDIS.o
LOAD ../../PowCapMobile-FW/LUFA/Drivers/USB/Class/Host/StillImage.o
LOAD /usr/lib/gcc/avr/4.5.3/../../../avr/lib/avr5/libm.a
LOAD /usr/lib/gcc/avr/4.5.3/avr5/libgcc.a
LOAD /usr/lib/gcc/avr/4.5.3/../../../avr/lib/avr5/libc.a
LOAD /usr/lib/gcc/avr/4.5.3/avr5/libgcc.a

.hash
 *(.hash)

.dynsym
 *(.dynsym)

.dynstr
 *(.dynstr)

.gnu.version
 *(.gnu.version)

.gnu.version_d
 *(.gnu.version_d)

.gnu.version_r
 *(.gnu.version_r)

.rel.init
 *(.rel.init)

.rela.init
 *(.rela.init)

.rel.text
 *(.rel.text)
 *(.rel.text.*)
 *(.rel.gnu.linkonce.t*)

.rela.text
 *(.rela.text)
 *(.rela.text.*)
 *(.rela.gnu.linkonce.t*)

.rel.fini
 *(.rel.fini)

.rela.fini
 *(.rela.fini)

.rel.rodata
 *(.rel.rodata)
 *(.rel.rodata.*)
 *(.rel.gnu.linkonce.r*)

.rela.rodata
 *(.rela.rodata)
 *(.rela.rodata.*)
 *(.rela.gnu.linkonce.r*)

.rel.data
 *(.rel.data)
 *(.rel.data.*)
 *(.rel.gnu.linkonce.d*)

.rela.data
 *(.rela.data)
 *(.rela.data.*)
 *(.rela.gnu.linkonce.d*)

.rel.ctors
 *(.rel.ctors)

.rela.ctors
 *(.rela.ctors)

.rel.dtors
 *(.rel.dtors)

.rela.dtors
 *(.rela.dtors)

.rel.got
 *(.rel.got)

.rela.got
 *(.rela.got)

.rel.bss
 *(.rel.bss)

.rela.bss
 *(.rela.bss)

.rel.plt
 *(.rel.plt)

.rela.plt
 *(.rela.plt)

.text           0x00000000     0x17aa
 *(.vectors)
 .vectors       0x00000000       0xac /usr/lib/gcc/avr/4.5.3/../../../avr/lib/avr5/crtm32u4.o
                0x00000000                __vectors
                0x00000000                __vector_default
 *(.vectors)
 *(.progmem.gcc*)
 *(.progmem*)
 .progmem.data  0x000000ac       0x9e Descriptors.o
                0x000000ac                DeviceDescriptor
                0x000000be                ConfigurationDescriptor
                0x000000fc                LanguageString
                0x00000100                ManufacturerString
                0x0000011a                ProductString
                0x0000014a                . = ALIGN (0x2)
                0x0000014a                __trampolines_start = .
 *(.trampolines)
 .trampolines   0x0000014a        0x0 linker stubs
 *(.trampolines*)
                0x0000014a                __trampolines_end = .
 *(.jumptables)
 *(.jumptables*)
 *(.lowtext)
 *(.lowtext*)
                0x0000014a                __ctors_start = .
 *(.ctors)
                0x0000014a                __ctors_end = .
                0x0000014a                __dtors_start = .
 *(.dtors)
                0x0000014a                __dtors_end = .
 SORT(*)(.ctors)
 SORT(*)(.dtors)
 *(.init0)
 .init0         0x0000014a        0x0 /usr/lib/gcc/avr/4.5.3/../../../avr/lib/avr5/crtm32u4.o
                0x0000014a                __init
 *(.init0)
 *(.init1)
 *(.init1)
 *(.init2)
 .init2         0x0000014a        0xc /usr/lib/gcc/avr/4.5.3/../../../avr/lib/avr5/crtm32u4.o
 *(.init2)
 *(.init3)
 *(.init3)
 *(.init4)
 .init4         0x00000156       0x16 /usr/lib/gcc/avr/4.5.3/avr5/libgcc.a(_copy_data.o)
                0x00000156                __do_copy_data
 .init4         0x0000016c       0x10 /usr/lib/gcc/avr/4.5.3/avr5/libgcc.a(_clear_bss.o)
                0x0000016c                __do_clear_bss
 *(.init4)
 *(.init5)
 *(.init5)
 *(.init6)
 *(.init6)
 *(.init7)
 *(.init7)
 *(.init8)
 *(.init8)
 *(.init9)
 .init9         0x0000017c        0x6 /usr/lib/gcc/avr/4.5.3/../../../avr/lib/avr5/crtm32u4.o
 *(.init9)
 *(.text)
 .text          0x00000182        0x2 /usr/lib/gcc/avr/4.5.3/../../../avr/lib/avr5/crtm32u4.o
                0x00000182                __vector_38
                0x00000182                __vector_22
                0x00000182                __vector_28
                0x00000182                __vector_1
                0x00000182                __vector_32
                0x00000182                __vector_34
                0x00000182                __vector_24
                0x00000182                __vector_12
                0x00000182                __bad_interrupt
                0x00000182                __vector_6
                0x00000182                __vector_31
                0x00000182                __vector_35
                0x00000182                __vector_39
                0x00000182                __vector_3
                0x00000182                __vector_23
                0x00000182                __vector_30
                0x00000182                __vector_25
                0x00000182                __vector_13
                0x00000182                __vector_17
                0x00000182                __vector_19
                0x00000182                __vector_7
                0x00000182                __vector_41
                0x00000182                __vector_27
                0x00000182                __vector_5
                0x00000182                __vector_33
                0x00000182                __vector_37
                0x00000182                __vector_4
                0x00000182                __vector_9
                0x00000182                __vector_2
                0x00000182                __vector_21
                0x00000182                __vector_15
                0x00000182                __vector_36
                0x00000182                __vector_29
                0x00000182                __vector_40
                0x00000182                __vector_8
                0x00000182                __vector_26
                0x00000182                __vector_14
                0x00000182                __vector_16
                0x00000182                __vector_18
                0x00000182                __vector_20
                0x00000182                __vector_42
                0x00000184                . = ALIGN (0x2)
 *(.text.*)
 .text.SetupHardware
                0x00000184       0x36 PowCap.o
                0x00000184                SetupHardware
 .text.main     0x000001ba       0xfe PowCap.o
                0x000001ba                main
 .text.EVENT_USB_Device_Connect
                0x000002b8        0x2 PowCap.o
                0x000002b8                EVENT_USB_Device_Connect
 .text.EVENT_USB_Device_Disconnect
                0x000002ba        0x2 PowCap.o
                0x000002ba                EVENT_USB_Device_Disconnect
 .text.EVENT_USB_Device_ConfigurationChanged
                0x000002bc        0x6 PowCap.o
                0x000002bc                EVENT_USB_Device_ConfigurationChanged
 .text.EVENT_USB_Device_ControlRequest
                0x000002c2        0x6 PowCap.o
                0x000002c2                EVENT_USB_Device_ControlRequest
 .text.EVENT_CDC_Device_LineEncodingChanged
                0x000002c8        0x2 PowCap.o
                0x000002c8                EVENT_CDC_Device_LineEncodingChanged
 .text.CALLBACK_USB_GetDescriptor
                0x000002ca       0x5c Descriptors.o
                0x000002ca                CALLBACK_USB_GetDescriptor
 .text.SPI_MasterInit
                0x00000326       0x1c SPI.o
                0x00000326                SPI_MasterInit
 .text.SPI_MaterTransmit
                0x00000342        0xa SPI.o
                0x00000342                SPI_MaterTransmit
 .text.filters_MasterInit
                0x0000034c       0x1e filters.o
                0x0000034c                filters_MasterInit
 .text.init_callbacks
                0x0000036a       0x18 FSM.o
                0x0000036a                init_callbacks
 .text.setup_callbacks
                0x00000382      0x124 FSM.o
                0x00000382                setup_callbacks
 .text.search_callback
                0x000004a6       0x4a FSM.o
                0x000004a6                search_callback
 .text.init_command
                0x000004f0        0xa FSM.o
                0x000004f0                init_command
 .text.init_FSM
                0x000004fa        0xa FSM.o
                0x000004fa                init_FSM
 .text.set_command
                0x00000504       0x58 FSM.o
                0x00000504                set_command
 .text.set_param0
                0x0000055c       0x3a FSM.o
                0x0000055c                set_param0
 .text.set_param1
                0x00000596       0x3a FSM.o
                0x00000596                set_param1
 .text.process_byte
                0x000005d0       0x3c FSM.o
                0x000005d0                process_byte
 .text.LEDs_ToggleLEDs.clone.0
                0x0000060c        0xa commands.o
 .text.LEDs_TurnOffLEDs.clone.1
                0x00000616        0x4 commands.o
 .text.LEDs_TurnOnLEDs.clone.2
                0x0000061a        0x4 commands.o
 .text.cb_gainC1
                0x0000061e       0x50 commands.o
                0x0000061e                cb_gainC1
 .text.cb_gainV1
                0x0000066e       0x50 commands.o
                0x0000066e                cb_gainV1
 .text.cb_gainC2
                0x000006be       0x50 commands.o
                0x000006be                cb_gainC2
 .text.cb_gainV2
                0x0000070e       0x50 commands.o
                0x0000070e                cb_gainV2
 .text.cb_filterV1
                0x0000075e       0x3c commands.o
                0x0000075e                cb_filterV1
 .text.cb_filterC1
                0x0000079a       0x3c commands.o
                0x0000079a                cb_filterC1
 .text.cb_filterV2
                0x000007d6       0x3c commands.o
                0x000007d6                cb_filterV2
 .text.cb_filterC2
                0x00000812       0x3c commands.o
                0x00000812                cb_filterC2
 .text.cb_notchV1
                0x0000084e       0x3c commands.o
                0x0000084e                cb_notchV1
 .text.cb_notchC1
                0x0000088a       0x54 commands.o
                0x0000088a                cb_notchC1
 .text.cb_notchV2
                0x000008de       0x3c commands.o
                0x000008de                cb_notchV2
 .text.cb_notchC2
                0x0000091a       0x54 commands.o
                0x0000091a                cb_notchC2
 .text.Endpoint_ConfigureEndpoint_Prv
                0x0000096e       0x26 ../../PowCapMobile-FW/LUFA/Drivers/USB/Core/AVR8/Endpoint_AVR8.o
                0x0000096e                Endpoint_ConfigureEndpoint_Prv
 .text.Endpoint_ClearStatusStage
                0x00000994       0x3e ../../PowCapMobile-FW/LUFA/Drivers/USB/Core/AVR8/Endpoint_AVR8.o
                0x00000994                Endpoint_ClearStatusStage
 .text.Endpoint_WaitUntilReady
                0x000009d2       0x66 ../../PowCapMobile-FW/LUFA/Drivers/USB/Core/AVR8/Endpoint_AVR8.o
                0x000009d2                Endpoint_WaitUntilReady
 .text.USB_ResetInterface
                0x00000a38       0x7e ../../PowCapMobile-FW/LUFA/Drivers/USB/Core/AVR8/USBController_AVR8.o
                0x00000a38                USB_ResetInterface
 .text.USB_Init
                0x00000ab6       0x16 ../../PowCapMobile-FW/LUFA/Drivers/USB/Core/AVR8/USBController_AVR8.o
                0x00000ab6                USB_Init
 .text.USB_INT_DisableAllInterrupts
                0x00000acc       0x10 ../../PowCapMobile-FW/LUFA/Drivers/USB/Core/AVR8/USBInterrupt_AVR8.o
                0x00000acc                USB_INT_DisableAllInterrupts
 .text.USB_INT_ClearAllInterrupts
                0x00000adc        0xa ../../PowCapMobile-FW/LUFA/Drivers/USB/Core/AVR8/USBInterrupt_AVR8.o
                0x00000adc                USB_INT_ClearAllInterrupts
 .text.__vector_10
                0x00000ae6      0x188 ../../PowCapMobile-FW/LUFA/Drivers/USB/Core/AVR8/USBInterrupt_AVR8.o
                0x00000ae6                __vector_10
 .text.__vector_11
                0x00000c6e       0x96 ../../PowCapMobile-FW/LUFA/Drivers/USB/Core/AVR8/USBInterrupt_AVR8.o
                0x00000c6e                __vector_11
 .text.Endpoint_Write_Control_Stream_LE
                0x00000d04       0xc2 ../../PowCapMobile-FW/LUFA/Drivers/USB/Core/AVR8/EndpointStream_AVR8.o
                0x00000d04                Endpoint_Write_Control_Stream_LE
 .text.Endpoint_Write_Control_PStream_LE
                0x00000dc6       0xc4 ../../PowCapMobile-FW/LUFA/Drivers/USB/Core/AVR8/EndpointStream_AVR8.o
                0x00000dc6                Endpoint_Write_Control_PStream_LE
 .text.USB_Device_ProcessControlRequest
                0x00000e8a      0x2c8 ../../PowCapMobile-FW/LUFA/Drivers/USB/Core/DeviceStandardReq.o
                0x00000e8a                USB_Device_ProcessControlRequest
 .text.USB_Event_Stub
                0x00001152        0x2 ../../PowCapMobile-FW/LUFA/Drivers/USB/Core/Events.o
                0x00001152                EVENT_USB_Device_WakeUp
                0x00001152                USB_Event_Stub
                0x00001152                EVENT_USB_Device_Suspend
                0x00001152                EVENT_USB_Device_StartOfFrame
                0x00001152                EVENT_USB_Device_Reset
 .text.USB_USBTask
                0x00001154       0x24 ../../PowCapMobile-FW/LUFA/Drivers/USB/Core/USBTask.o
                0x00001154                USB_USBTask
 .text.CDC_Device_ProcessControlRequest
                0x00001178      0x138 ../../PowCapMobile-FW/LUFA/Drivers/USB/Class/Device/CDC.o
                0x00001178                CDC_Device_ProcessControlRequest
 .text.CDC_Device_ConfigureEndpoints
                0x000012b0       0xa2 ../../PowCapMobile-FW/LUFA/Drivers/USB/Class/Device/CDC.o
                0x000012b0                CDC_Device_ConfigureEndpoints
 .text.CDC_Device_SendByte
                0x00001352       0x58 ../../PowCapMobile-FW/LUFA/Drivers/USB/Class/Device/CDC.o
                0x00001352                CDC_Device_SendByte
 .text.CDC_Device_Flush
                0x000013aa       0x66 ../../PowCapMobile-FW/LUFA/Drivers/USB/Class/Device/CDC.o
                0x000013aa                CDC_Device_Flush
 .text.CDC_Device_USBTask
                0x00001410       0x1e ../../PowCapMobile-FW/LUFA/Drivers/USB/Class/Device/CDC.o
                0x00001410                CDC_Device_USBTask
 .text.CDC_Device_ReceiveByte
                0x0000142e       0x74 ../../PowCapMobile-FW/LUFA/Drivers/USB/Class/Device/CDC.o
                0x0000142e                CDC_Device_ReceiveByte
 .text.CDC_Device_Event_Stub
                0x000014a2        0x2 ../../PowCapMobile-FW/LUFA/Drivers/USB/Class/Device/CDC.o
                0x000014a2                EVENT_CDC_Device_ControLineStateChanged
                0x000014a2                EVENT_CDC_Device_BreakSent
                0x000014a2                CDC_Device_Event_Stub
 .text.avr-libc
                0x000014a4      0x254 /usr/lib/gcc/avr/4.5.3/../../../avr/lib/avr5/libc.a(strtol.o)
                0x000014a4                strtol
 .text.avr-libc
                0x000016f8       0x16 /usr/lib/gcc/avr/4.5.3/../../../avr/lib/avr5/libc.a(isxdigit.o)
                0x000016f8                isxdigit
 .text.avr-libc
                0x0000170e       0x10 /usr/lib/gcc/avr/4.5.3/../../../avr/lib/avr5/libc.a(isspace.o)
                0x0000170e                isspace
 .text.avr-libc
                0x0000171e        0x6 /usr/lib/gcc/avr/4.5.3/../../../avr/lib/avr5/libc.a(cty_isfalse.o)
                0x0000171e                __ctype_isfalse
                0x00001722                __ctype_istrue
 .text.libgcc   0x00001724       0x3e /usr/lib/gcc/avr/4.5.3/avr5/libgcc.a(_mulsi3.o)
                0x00001724                __mulsi3
 .text.libgcc   0x00001762       0x44 /usr/lib/gcc/avr/4.5.3/avr5/libgcc.a(_udivmodsi4.o)
                0x00001762                __udivmodsi4
                0x000017a6                . = ALIGN (0x2)
 *(.fini9)
 .fini9         0x000017a6        0x0 /usr/lib/gcc/avr/4.5.3/avr5/libgcc.a(_exit.o)
                0x000017a6                exit
                0x000017a6                _exit
 *(.fini9)
 *(.fini8)
 *(.fini8)
 *(.fini7)
 *(.fini7)
 *(.fini6)
 *(.fini6)
 *(.fini5)
 *(.fini5)
 *(.fini4)
 *(.fini4)
 *(.fini3)
 *(.fini3)
 *(.fini2)
 *(.fini2)
 *(.fini1)
 *(.fini1)
 *(.fini0)
 .fini0         0x000017a6        0x4 /usr/lib/gcc/avr/4.5.3/avr5/libgcc.a(_exit.o)
 *(.fini0)
                0x000017aa                _etext = .

.data           0x00800100       0x16 load address 0x000017aa
                0x00800100                PROVIDE (__data_start, .)
 *(.data)
 .data          0x00800100       0x16 PowCap.o
                0x00800100                VirtualSerial_CDC_Interface
 *(.data*)
 *(.rodata)
 *(.rodata*)
 *(.gnu.linkonce.d*)
                0x00800116                . = ALIGN (0x2)
                0x00800116                _edata = .
                0x00800116                PROVIDE (__data_end, .)

.bss            0x00800116       0xd1
                0x00800116                PROVIDE (__bss_start, .)
 *(.bss)
 .bss           0x00800116       0x8b PowCap.o
 *(.bss*)
 *(COMMON)
 COMMON         0x008001a1       0x38 PowCap.o
                0x008001a1                FSM_State
                0x008001a2                cb_command
                0x008001d2                cmd
 COMMON         0x008001d9        0x3 ../../PowCapMobile-FW/LUFA/Drivers/USB/Core/DeviceStandardReq.o
                0x008001d9                USB_Device_ConfigurationNumber
                0x008001da                USB_Device_CurrentlySelfPowered
                0x008001db                USB_Device_RemoteWakeupEnabled
 COMMON         0x008001dc        0x9 ../../PowCapMobile-FW/LUFA/Drivers/USB/Core/USBTask.o
                0x008001dc                USB_IsInitialized
                0x008001dd                USB_ControlRequest
 COMMON         0x008001e5        0x2 /usr/lib/gcc/avr/4.5.3/../../../avr/lib/avr5/libc.a(errno.o)
                0x008001e5                errno
                0x008001e7                PROVIDE (__bss_end, .)
                0x000017aa                __data_load_start = LOADADDR (.data)
                0x000017c0                __data_load_end = (__data_load_start + SIZEOF (.data))

.noinit         0x008001e7        0x0
                0x008001e7                PROVIDE (__noinit_start, .)
 *(.noinit*)
                0x008001e7                PROVIDE (__noinit_end, .)
                0x008001e7                _end = .
                0x008001e7                PROVIDE (__heap_start, .)

.eeprom         0x00810000        0x0
 *(.eeprom*)
                0x00810000                __eeprom_end = .

.fuse
 *(.fuse)
 *(.lfuse)
 *(.hfuse)
 *(.efuse)

.lock
 *(.lock*)

.signature
 *(.signature*)

.stab           0x00000000     0x1224
 *(.stab)
 .stab          0x00000000      0x6cc /usr/lib/gcc/avr/4.5.3/../../../avr/lib/avr5/crtm32u4.o
 .stab          0x000006cc      0x4e0 /usr/lib/gcc/avr/4.5.3/../../../avr/lib/avr5/libc.a(strtol.o)
                                0x4ec (size before relaxing)
 .stab          0x00000bac       0xc0 /usr/lib/gcc/avr/4.5.3/../../../avr/lib/avr5/libc.a(isxdigit.o)
                                 0xcc (size before relaxing)
 .stab          0x00000c6c       0x9c /usr/lib/gcc/avr/4.5.3/../../../avr/lib/avr5/libc.a(isspace.o)
                                 0xa8 (size before relaxing)
 .stab          0x00000d08       0x84 /usr/lib/gcc/avr/4.5.3/../../../avr/lib/avr5/libc.a(memcpy_P.o)
                                 0x90 (size before relaxing)
 .stab          0x00000d8c       0xb4 /usr/lib/gcc/avr/4.5.3/../../../avr/lib/avr5/libc.a(memcmp.o)
                                 0xc0 (size before relaxing)
 .stab          0x00000e40       0x84 /usr/lib/gcc/avr/4.5.3/../../../avr/lib/avr5/libc.a(memcpy.o)
                                 0x90 (size before relaxing)
 .stab          0x00000ec4       0x6c /usr/lib/gcc/avr/4.5.3/../../../avr/lib/avr5/libc.a(memset.o)
                                 0x78 (size before relaxing)
 .stab          0x00000f30       0x90 /usr/lib/gcc/avr/4.5.3/../../../avr/lib/avr5/libc.a(eerd_byte_atmega32u4.o)
                                 0x9c (size before relaxing)
 .stab          0x00000fc0      0x114 /usr/lib/gcc/avr/4.5.3/../../../avr/lib/avr5/libc.a(eeupd_byte_atmega32u4.o)
                                0x120 (size before relaxing)
 .stab          0x000010d4       0xf0 /usr/lib/gcc/avr/4.5.3/../../../avr/lib/avr5/libc.a(errno.o)
                                 0xfc (size before relaxing)
 .stab          0x000011c4       0x60 /usr/lib/gcc/avr/4.5.3/../../../avr/lib/avr5/libc.a(cty_isfalse.o)
                                 0x6c (size before relaxing)

.stabstr        0x00000000      0x63a
 *(.stabstr)
 .stabstr       0x00000000      0x63a /usr/lib/gcc/avr/4.5.3/../../../avr/lib/avr5/crtm32u4.o

.stab.excl
 *(.stab.excl)

.stab.exclstr
 *(.stab.exclstr)

.stab.index
 *(.stab.index)

.stab.indexstr
 *(.stab.indexstr)

.comment
 *(.comment)

.debug
 *(.debug)

.line
 *(.line)

.debug_srcinfo
 *(.debug_srcinfo)

.debug_sfnames
 *(.debug_sfnames)

.debug_aranges  0x00000000      0x5b0
 *(.debug_aranges)
 .debug_aranges
                0x00000000       0x50 PowCap.o
 .debug_aranges
                0x00000050       0x20 Descriptors.o
 .debug_aranges
                0x00000070       0x28 SPI.o
 .debug_aranges
                0x00000098       0x20 filters.o
 .debug_aranges
                0x000000b8       0x60 FSM.o
 .debug_aranges
                0x00000118       0x90 commands.o
 .debug_aranges
                0x000001a8       0x20 ../../PowCapMobile-FW/LUFA/Drivers/USB/Core/AVR8/Device_AVR8.o
 .debug_aranges
                0x000001c8       0x38 ../../PowCapMobile-FW/LUFA/Drivers/USB/Core/AVR8/Endpoint_AVR8.o
 .debug_aranges
                0x00000200       0x30 ../../PowCapMobile-FW/LUFA/Drivers/USB/Core/AVR8/USBController_AVR8.o
 .debug_aranges
                0x00000230       0x38 ../../PowCapMobile-FW/LUFA/Drivers/USB/Core/AVR8/USBInterrupt_AVR8.o
 .debug_aranges
                0x00000268       0xc8 ../../PowCapMobile-FW/LUFA/Drivers/USB/Core/AVR8/EndpointStream_AVR8.o
 .debug_aranges
                0x00000330       0x38 ../../PowCapMobile-FW/LUFA/Drivers/USB/Core/ConfigDescriptor.o
 .debug_aranges
                0x00000368       0x20 ../../PowCapMobile-FW/LUFA/Drivers/USB/Core/DeviceStandardReq.o
 .debug_aranges
                0x00000388       0x20 ../../PowCapMobile-FW/LUFA/Drivers/USB/Core/Events.o
 .debug_aranges
                0x000003a8       0x20 ../../PowCapMobile-FW/LUFA/Drivers/USB/Core/USBTask.o
 .debug_aranges
                0x000003c8       0x38 ../../PowCapMobile-FW/LUFA/Drivers/USB/Class/Common/HIDParser.o
 .debug_aranges
                0x00000400       0x30 ../../PowCapMobile-FW/LUFA/Drivers/USB/Class/Device/Audio.o
 .debug_aranges
                0x00000430       0x98 ../../PowCapMobile-FW/LUFA/Drivers/USB/Class/Device/CDC.o
 .debug_aranges
                0x000004c8       0x30 ../../PowCapMobile-FW/LUFA/Drivers/USB/Class/Device/HID.o
 .debug_aranges
                0x000004f8       0x30 ../../PowCapMobile-FW/LUFA/Drivers/USB/Class/Device/MassStorage.o
 .debug_aranges
                0x00000528       0x40 ../../PowCapMobile-FW/LUFA/Drivers/USB/Class/Device/MIDI.o
 .debug_aranges
                0x00000568       0x48 ../../PowCapMobile-FW/LUFA/Drivers/USB/Class/Device/RNDIS.o

.debug_pubnames
                0x00000000      0xebb
 *(.debug_pubnames)
 .debug_pubnames
                0x00000000      0x126 PowCap.o
 .debug_pubnames
                0x00000126       0x9e Descriptors.o
 .debug_pubnames
                0x000001c4       0x3b SPI.o
 .debug_pubnames
                0x000001ff       0x29 filters.o
 .debug_pubnames
                0x00000228       0xcf FSM.o
 .debug_pubnames
                0x000002f7       0xeb commands.o
 .debug_pubnames
                0x000003e2       0x32 ../../PowCapMobile-FW/LUFA/Drivers/USB/Core/AVR8/Device_AVR8.o
 .debug_pubnames
                0x00000414       0x8b ../../PowCapMobile-FW/LUFA/Drivers/USB/Core/AVR8/Endpoint_AVR8.o
 .debug_pubnames
                0x0000049f       0x46 ../../PowCapMobile-FW/LUFA/Drivers/USB/Core/AVR8/USBController_AVR8.o
 .debug_pubnames
                0x000004e5       0x72 ../../PowCapMobile-FW/LUFA/Drivers/USB/Core/AVR8/USBInterrupt_AVR8.o
 .debug_pubnames
                0x00000557      0x2df ../../PowCapMobile-FW/LUFA/Drivers/USB/Core/AVR8/EndpointStream_AVR8.o
 .debug_pubnames
                0x00000836       0x9b ../../PowCapMobile-FW/LUFA/Drivers/USB/Core/ConfigDescriptor.o
 .debug_pubnames
                0x000008d1       0xa1 ../../PowCapMobile-FW/LUFA/Drivers/USB/Core/DeviceStandardReq.o
 .debug_pubnames
                0x00000972       0x25 ../../PowCapMobile-FW/LUFA/Drivers/USB/Core/Events.o
 .debug_pubnames
                0x00000997       0x4f ../../PowCapMobile-FW/LUFA/Drivers/USB/Core/USBTask.o
 .debug_pubnames
                0x000009e6       0x7e ../../PowCapMobile-FW/LUFA/Drivers/USB/Class/Common/HIDParser.o
 .debug_pubnames
                0x00000a64       0x79 ../../PowCapMobile-FW/LUFA/Drivers/USB/Class/Device/Audio.o
 .debug_pubnames
                0x00000add      0x18b ../../PowCapMobile-FW/LUFA/Drivers/USB/Class/Device/CDC.o
 .debug_pubnames
                0x00000c68       0x70 ../../PowCapMobile-FW/LUFA/Drivers/USB/Class/Device/HID.o
 .debug_pubnames
                0x00000cd8       0x6d ../../PowCapMobile-FW/LUFA/Drivers/USB/Class/Device/MassStorage.o
 .debug_pubnames
                0x00000d45       0xa6 ../../PowCapMobile-FW/LUFA/Drivers/USB/Class/Device/MIDI.o
 .debug_pubnames
                0x00000deb       0xd0 ../../PowCapMobile-FW/LUFA/Drivers/USB/Class/Device/RNDIS.o

.debug_info     0x00000000     0x9050
 *(.debug_info)
 .debug_info    0x00000000      0xac7 PowCap.o
 .debug_info    0x00000ac7      0x683 Descriptors.o
 .debug_info    0x0000114a       0xb0 SPI.o
 .debug_info    0x000011fa       0x82 filters.o
 .debug_info    0x0000127c      0x355 FSM.o
 .debug_info    0x000015d1      0x5cd commands.o
 .debug_info    0x00001b9e       0xd8 ../../PowCapMobile-FW/LUFA/Drivers/USB/Core/AVR8/Device_AVR8.o
 .debug_info    0x00001c76      0x3ec ../../PowCapMobile-FW/LUFA/Drivers/USB/Core/AVR8/Endpoint_AVR8.o
 .debug_info    0x00002062        0x0 ../../PowCapMobile-FW/LUFA/Drivers/USB/Core/AVR8/Host_AVR8.o
 .debug_info    0x00002062        0x0 ../../PowCapMobile-FW/LUFA/Drivers/USB/Core/AVR8/Pipe_AVR8.o
 .debug_info    0x00002062      0x464 ../../PowCapMobile-FW/LUFA/Drivers/USB/Core/AVR8/USBController_AVR8.o
 .debug_info    0x000024c6      0x6d8 ../../PowCapMobile-FW/LUFA/Drivers/USB/Core/AVR8/USBInterrupt_AVR8.o
 .debug_info    0x00002b9e     0x154d ../../PowCapMobile-FW/LUFA/Drivers/USB/Core/AVR8/EndpointStream_AVR8.o
 .debug_info    0x000040eb        0x0 ../../PowCapMobile-FW/LUFA/Drivers/USB/Core/AVR8/PipeStream_AVR8.o
 .debug_info    0x000040eb      0x38c ../../PowCapMobile-FW/LUFA/Drivers/USB/Core/ConfigDescriptor.o
 .debug_info    0x00004477      0x9b6 ../../PowCapMobile-FW/LUFA/Drivers/USB/Core/DeviceStandardReq.o
 .debug_info    0x00004e2d       0x85 ../../PowCapMobile-FW/LUFA/Drivers/USB/Core/Events.o
 .debug_info    0x00004eb2        0x0 ../../PowCapMobile-FW/LUFA/Drivers/USB/Core/HostStandardReq.o
 .debug_info    0x00004eb2      0x227 ../../PowCapMobile-FW/LUFA/Drivers/USB/Core/USBTask.o
 .debug_info    0x000050d9      0x6f9 ../../PowCapMobile-FW/LUFA/Drivers/USB/Class/Common/HIDParser.o
 .debug_info    0x000057d2      0x58f ../../PowCapMobile-FW/LUFA/Drivers/USB/Class/Device/Audio.o
 .debug_info    0x00005d61      0xd36 ../../PowCapMobile-FW/LUFA/Drivers/USB/Class/Device/CDC.o
 .debug_info    0x00006a97      0x6db ../../PowCapMobile-FW/LUFA/Drivers/USB/Class/Device/HID.o
 .debug_info    0x00007172      0x8f7 ../../PowCapMobile-FW/LUFA/Drivers/USB/Class/Device/MassStorage.o
 .debug_info    0x00007a69      0x5cc ../../PowCapMobile-FW/LUFA/Drivers/USB/Class/Device/MIDI.o
 .debug_info    0x00008035     0x101b ../../PowCapMobile-FW/LUFA/Drivers/USB/Class/Device/RNDIS.o
 .debug_info    0x00009050        0x0 ../../PowCapMobile-FW/LUFA/Drivers/USB/Class/Host/Audio.o
 .debug_info    0x00009050        0x0 ../../PowCapMobile-FW/LUFA/Drivers/USB/Class/Host/CDC.o
 .debug_info    0x00009050        0x0 ../../PowCapMobile-FW/LUFA/Drivers/USB/Class/Host/HID.o
 .debug_info    0x00009050        0x0 ../../PowCapMobile-FW/LUFA/Drivers/USB/Class/Host/MassStorage.o
 .debug_info    0x00009050        0x0 ../../PowCapMobile-FW/LUFA/Drivers/USB/Class/Host/MIDI.o
 .debug_info    0x00009050        0x0 ../../PowCapMobile-FW/LUFA/Drivers/USB/Class/Host/Printer.o
 .debug_info    0x00009050        0x0 ../../PowCapMobile-FW/LUFA/Drivers/USB/Class/Host/RNDIS.o
 .debug_info    0x00009050        0x0 ../../PowCapMobile-FW/LUFA/Drivers/USB/Class/Host/StillImage.o
 *(.gnu.linkonce.wi.*)

.debug_abbrev   0x00000000     0x2397
 *(.debug_abbrev)
 .debug_abbrev  0x00000000      0x351 PowCap.o
 .debug_abbrev  0x00000351      0x158 Descriptors.o
 .debug_abbrev  0x000004a9       0x74 SPI.o
 .debug_abbrev  0x0000051d       0x4e filters.o
 .debug_abbrev  0x0000056b      0x17c FSM.o
 .debug_abbrev  0x000006e7      0x15a commands.o
 .debug_abbrev  0x00000841       0x7d ../../PowCapMobile-FW/LUFA/Drivers/USB/Core/AVR8/Device_AVR8.o
 .debug_abbrev  0x000008be      0x179 ../../PowCapMobile-FW/LUFA/Drivers/USB/Core/AVR8/Endpoint_AVR8.o
 .debug_abbrev  0x00000a37        0x1 ../../PowCapMobile-FW/LUFA/Drivers/USB/Core/AVR8/Host_AVR8.o
 .debug_abbrev  0x00000a38        0x1 ../../PowCapMobile-FW/LUFA/Drivers/USB/Core/AVR8/Pipe_AVR8.o
 .debug_abbrev  0x00000a39      0x13b ../../PowCapMobile-FW/LUFA/Drivers/USB/Core/AVR8/USBController_AVR8.o
 .debug_abbrev  0x00000b74      0x1cb ../../PowCapMobile-FW/LUFA/Drivers/USB/Core/AVR8/USBInterrupt_AVR8.o
 .debug_abbrev  0x00000d3f      0x17a ../../PowCapMobile-FW/LUFA/Drivers/USB/Core/AVR8/EndpointStream_AVR8.o
 .debug_abbrev  0x00000eb9        0x1 ../../PowCapMobile-FW/LUFA/Drivers/USB/Core/AVR8/PipeStream_AVR8.o
 .debug_abbrev  0x00000eba      0x148 ../../PowCapMobile-FW/LUFA/Drivers/USB/Core/ConfigDescriptor.o
 .debug_abbrev  0x00001002      0x204 ../../PowCapMobile-FW/LUFA/Drivers/USB/Core/DeviceStandardReq.o
 .debug_abbrev  0x00001206       0x41 ../../PowCapMobile-FW/LUFA/Drivers/USB/Core/Events.o
 .debug_abbrev  0x00001247        0x1 ../../PowCapMobile-FW/LUFA/Drivers/USB/Core/HostStandardReq.o
 .debug_abbrev  0x00001248      0x13f ../../PowCapMobile-FW/LUFA/Drivers/USB/Core/USBTask.o
 .debug_abbrev  0x00001387      0x1ec ../../PowCapMobile-FW/LUFA/Drivers/USB/Class/Common/HIDParser.o
 .debug_abbrev  0x00001573      0x1e6 ../../PowCapMobile-FW/LUFA/Drivers/USB/Class/Device/Audio.o
 .debug_abbrev  0x00001759      0x322 ../../PowCapMobile-FW/LUFA/Drivers/USB/Class/Device/CDC.o
 .debug_abbrev  0x00001a7b      0x217 ../../PowCapMobile-FW/LUFA/Drivers/USB/Class/Device/HID.o
 .debug_abbrev  0x00001c92      0x237 ../../PowCapMobile-FW/LUFA/Drivers/USB/Class/Device/MassStorage.o
 .debug_abbrev  0x00001ec9      0x1f2 ../../PowCapMobile-FW/LUFA/Drivers/USB/Class/Device/MIDI.o
 .debug_abbrev  0x000020bb      0x2d4 ../../PowCapMobile-FW/LUFA/Drivers/USB/Class/Device/RNDIS.o
 .debug_abbrev  0x0000238f        0x1 ../../PowCapMobile-FW/LUFA/Drivers/USB/Class/Host/Audio.o
 .debug_abbrev  0x00002390        0x1 ../../PowCapMobile-FW/LUFA/Drivers/USB/Class/Host/CDC.o
 .debug_abbrev  0x00002391        0x1 ../../PowCapMobile-FW/LUFA/Drivers/USB/Class/Host/HID.o
 .debug_abbrev  0x00002392        0x1 ../../PowCapMobile-FW/LUFA/Drivers/USB/Class/Host/MassStorage.o
 .debug_abbrev  0x00002393        0x1 ../../PowCapMobile-FW/LUFA/Drivers/USB/Class/Host/MIDI.o
 .debug_abbrev  0x00002394        0x1 ../../PowCapMobile-FW/LUFA/Drivers/USB/Class/Host/Printer.o
 .debug_abbrev  0x00002395        0x1 ../../PowCapMobile-FW/LUFA/Drivers/USB/Class/Host/RNDIS.o
 .debug_abbrev  0x00002396        0x1 ../../PowCapMobile-FW/LUFA/Drivers/USB/Class/Host/StillImage.o

.debug_line     0x00000000     0x7b2c
 *(.debug_line)
 .debug_line    0x00000000      0x63c PowCap.o
 .debug_line    0x0000063c      0x192 Descriptors.o
 .debug_line    0x000007ce       0xf3 SPI.o
 .debug_line    0x000008c1       0xed filters.o
 .debug_line    0x000009ae      0x3b2 FSM.o
 .debug_line    0x00000d60      0x583 commands.o
 .debug_line    0x000012e3      0x17f ../../PowCapMobile-FW/LUFA/Drivers/USB/Core/AVR8/Device_AVR8.o
 .debug_line    0x00001462      0x4a1 ../../PowCapMobile-FW/LUFA/Drivers/USB/Core/AVR8/Endpoint_AVR8.o
 .debug_line    0x00001903       0x24 ../../PowCapMobile-FW/LUFA/Drivers/USB/Core/AVR8/Host_AVR8.o
 .debug_line    0x00001927       0x24 ../../PowCapMobile-FW/LUFA/Drivers/USB/Core/AVR8/Pipe_AVR8.o
 .debug_line    0x0000194b      0x385 ../../PowCapMobile-FW/LUFA/Drivers/USB/Core/AVR8/USBController_AVR8.o
 .debug_line    0x00001cd0      0x643 ../../PowCapMobile-FW/LUFA/Drivers/USB/Core/AVR8/USBInterrupt_AVR8.o
 .debug_line    0x00002313     0x1aee ../../PowCapMobile-FW/LUFA/Drivers/USB/Core/AVR8/EndpointStream_AVR8.o
 .debug_line    0x00003e01       0x24 ../../PowCapMobile-FW/LUFA/Drivers/USB/Core/AVR8/PipeStream_AVR8.o
 .debug_line    0x00003e25      0x287 ../../PowCapMobile-FW/LUFA/Drivers/USB/Core/ConfigDescriptor.o
 .debug_line    0x000040ac      0x63f ../../PowCapMobile-FW/LUFA/Drivers/USB/Core/DeviceStandardReq.o
 .debug_line    0x000046eb       0x90 ../../PowCapMobile-FW/LUFA/Drivers/USB/Core/Events.o
 .debug_line    0x0000477b       0x24 ../../PowCapMobile-FW/LUFA/Drivers/USB/Core/HostStandardReq.o
 .debug_line    0x0000479f      0x1d2 ../../PowCapMobile-FW/LUFA/Drivers/USB/Core/USBTask.o
 .debug_line    0x00004971      0x776 ../../PowCapMobile-FW/LUFA/Drivers/USB/Class/Common/HIDParser.o
 .debug_line    0x000050e7      0x511 ../../PowCapMobile-FW/LUFA/Drivers/USB/Class/Device/Audio.o
 .debug_line    0x000055f8      0xa65 ../../PowCapMobile-FW/LUFA/Drivers/USB/Class/Device/CDC.o
 .debug_line    0x0000605d      0x5f7 ../../PowCapMobile-FW/LUFA/Drivers/USB/Class/Device/HID.o
 .debug_line    0x00006654      0x6a8 ../../PowCapMobile-FW/LUFA/Drivers/USB/Class/Device/MassStorage.o
 .debug_line    0x00006cfc      0x496 ../../PowCapMobile-FW/LUFA/Drivers/USB/Class/Device/MIDI.o
 .debug_line    0x00007192      0x87a ../../PowCapMobile-FW/LUFA/Drivers/USB/Class/Device/RNDIS.o
 .debug_line    0x00007a0c       0x24 ../../PowCapMobile-FW/LUFA/Drivers/USB/Class/Host/Audio.o
 .debug_line    0x00007a30       0x24 ../../PowCapMobile-FW/LUFA/Drivers/USB/Class/Host/CDC.o
 .debug_line    0x00007a54       0x24 ../../PowCapMobile-FW/LUFA/Drivers/USB/Class/Host/HID.o
 .debug_line    0x00007a78       0x24 ../../PowCapMobile-FW/LUFA/Drivers/USB/Class/Host/MassStorage.o
 .debug_line    0x00007a9c       0x24 ../../PowCapMobile-FW/LUFA/Drivers/USB/Class/Host/MIDI.o
 .debug_line    0x00007ac0       0x24 ../../PowCapMobile-FW/LUFA/Drivers/USB/Class/Host/Printer.o
 .debug_line    0x00007ae4       0x24 ../../PowCapMobile-FW/LUFA/Drivers/USB/Class/Host/RNDIS.o
 .debug_line    0x00007b08       0x24 ../../PowCapMobile-FW/LUFA/Drivers/USB/Class/Host/StillImage.o

.debug_frame    0x00000000      0x8a0
 *(.debug_frame)
 .debug_frame   0x00000000       0x80 PowCap.o
 .debug_frame   0x00000080       0x20 Descriptors.o
 .debug_frame   0x000000a0       0x30 SPI.o
 .debug_frame   0x000000d0       0x20 filters.o
 .debug_frame   0x000000f0       0xa0 FSM.o
 .debug_frame   0x00000190      0x100 commands.o
 .debug_frame   0x00000290       0x20 ../../PowCapMobile-FW/LUFA/Drivers/USB/Core/AVR8/Device_AVR8.o
 .debug_frame   0x000002b0       0x50 ../../PowCapMobile-FW/LUFA/Drivers/USB/Core/AVR8/Endpoint_AVR8.o
 .debug_frame   0x00000300       0x40 ../../PowCapMobile-FW/LUFA/Drivers/USB/Core/AVR8/USBController_AVR8.o
 .debug_frame   0x00000340       0x50 ../../PowCapMobile-FW/LUFA/Drivers/USB/Core/AVR8/USBInterrupt_AVR8.o
 .debug_frame   0x00000390      0x170 ../../PowCapMobile-FW/LUFA/Drivers/USB/Core/AVR8/EndpointStream_AVR8.o
 .debug_frame   0x00000500       0x50 ../../PowCapMobile-FW/LUFA/Drivers/USB/Core/ConfigDescriptor.o
 .debug_frame   0x00000550       0x20 ../../PowCapMobile-FW/LUFA/Drivers/USB/Core/DeviceStandardReq.o
 .debug_frame   0x00000570       0x20 ../../PowCapMobile-FW/LUFA/Drivers/USB/Core/Events.o
 .debug_frame   0x00000590       0x20 ../../PowCapMobile-FW/LUFA/Drivers/USB/Core/USBTask.o
 .debug_frame   0x000005b0       0x50 ../../PowCapMobile-FW/LUFA/Drivers/USB/Class/Common/HIDParser.o
 .debug_frame   0x00000600       0x40 ../../PowCapMobile-FW/LUFA/Drivers/USB/Class/Device/Audio.o
 .debug_frame   0x00000640      0x110 ../../PowCapMobile-FW/LUFA/Drivers/USB/Class/Device/CDC.o
 .debug_frame   0x00000750       0x40 ../../PowCapMobile-FW/LUFA/Drivers/USB/Class/Device/HID.o
 .debug_frame   0x00000790       0x40 ../../PowCapMobile-FW/LUFA/Drivers/USB/Class/Device/MassStorage.o
 .debug_frame   0x000007d0       0x60 ../../PowCapMobile-FW/LUFA/Drivers/USB/Class/Device/MIDI.o
 .debug_frame   0x00000830       0x70 ../../PowCapMobile-FW/LUFA/Drivers/USB/Class/Device/RNDIS.o

.debug_str      0x00000000     0x369b
 *(.debug_str)
 .debug_str     0x00000000      0x66f PowCap.o
                                0x6e2 (size before relaxing)
 .debug_str     0x0000066f      0x595 Descriptors.o
                                0x683 (size before relaxing)
 .debug_str     0x00000c04       0x2d SPI.o
                                 0xf2 (size before relaxing)
 .debug_str     0x00000c31       0x1d filters.o
                                 0xdd (size before relaxing)
 .debug_str     0x00000c4e       0x81 FSM.o
                                0x1c3 (size before relaxing)
 .debug_str     0x00000ccf       0xaf commands.o
                                0x212 (size before relaxing)
 .debug_str     0x00000d7e       0x87 ../../PowCapMobile-FW/LUFA/Drivers/USB/Core/AVR8/Device_AVR8.o
                                0x159 (size before relaxing)
 .debug_str     0x00000e05      0x2ea ../../PowCapMobile-FW/LUFA/Drivers/USB/Core/AVR8/Endpoint_AVR8.o
                                0x4ad (size before relaxing)
 .debug_str     0x000010ef      0x2ac ../../PowCapMobile-FW/LUFA/Drivers/USB/Core/AVR8/USBController_AVR8.o
                                0x455 (size before relaxing)
 .debug_str     0x0000139b      0x14c ../../PowCapMobile-FW/LUFA/Drivers/USB/Core/AVR8/USBInterrupt_AVR8.o
                                0x441 (size before relaxing)
 .debug_str     0x000014e7      0x50d ../../PowCapMobile-FW/LUFA/Drivers/USB/Core/AVR8/EndpointStream_AVR8.o
                                0x76f (size before relaxing)
 .debug_str     0x000019f4      0x236 ../../PowCapMobile-FW/LUFA/Drivers/USB/Core/ConfigDescriptor.o
                                0x340 (size before relaxing)
 .debug_str     0x00001c2a      0x3a8 ../../PowCapMobile-FW/LUFA/Drivers/USB/Core/DeviceStandardReq.o
                                0x854 (size before relaxing)
 .debug_str     0x00001fd2       0x44 ../../PowCapMobile-FW/LUFA/Drivers/USB/Core/Events.o
                                0x108 (size before relaxing)
 .debug_str     0x00002016       0x5e ../../PowCapMobile-FW/LUFA/Drivers/USB/Core/USBTask.o
                                0x298 (size before relaxing)
 .debug_str     0x00002074      0x491 ../../PowCapMobile-FW/LUFA/Drivers/USB/Class/Common/HIDParser.o
                                0x5f6 (size before relaxing)
 .debug_str     0x00002505      0x24b ../../PowCapMobile-FW/LUFA/Drivers/USB/Class/Device/Audio.o
                                0x587 (size before relaxing)
 .debug_str     0x00002750      0x2e1 ../../PowCapMobile-FW/LUFA/Drivers/USB/Class/Device/CDC.o
                                0x9ce (size before relaxing)
 .debug_str     0x00002a31      0x21b ../../PowCapMobile-FW/LUFA/Drivers/USB/Class/Device/HID.o
                                0x5a1 (size before relaxing)
 .debug_str     0x00002c4c      0x242 ../../PowCapMobile-FW/LUFA/Drivers/USB/Class/Device/MassStorage.o
                                0x777 (size before relaxing)
 .debug_str     0x00002e8e      0x120 ../../PowCapMobile-FW/LUFA/Drivers/USB/Class/Device/MIDI.o
                                0x604 (size before relaxing)
 .debug_str     0x00002fae      0x6ed ../../PowCapMobile-FW/LUFA/Drivers/USB/Class/Device/RNDIS.o
                                0xcfb (size before relaxing)

.debug_loc      0x00000000     0x508d
 *(.debug_loc)
 .debug_loc     0x00000000      0x136 PowCap.o
 .debug_loc     0x00000136      0x160 Descriptors.o
 .debug_loc     0x00000296      0x195 FSM.o
 .debug_loc     0x0000042b      0x3d0 commands.o
 .debug_loc     0x000007fb      0x182 ../../PowCapMobile-FW/LUFA/Drivers/USB/Core/AVR8/Endpoint_AVR8.o
 .debug_loc     0x0000097d      0x1d9 ../../PowCapMobile-FW/LUFA/Drivers/USB/Core/AVR8/USBInterrupt_AVR8.o
 .debug_loc     0x00000b56     0x1982 ../../PowCapMobile-FW/LUFA/Drivers/USB/Core/AVR8/EndpointStream_AVR8.o
 .debug_loc     0x000024d8      0x2bc ../../PowCapMobile-FW/LUFA/Drivers/USB/Core/ConfigDescriptor.o
 .debug_loc     0x00002794      0x27b ../../PowCapMobile-FW/LUFA/Drivers/USB/Core/DeviceStandardReq.o
 .debug_loc     0x00002a0f       0x27 ../../PowCapMobile-FW/LUFA/Drivers/USB/Core/USBTask.o
 .debug_loc     0x00002a36      0x905 ../../PowCapMobile-FW/LUFA/Drivers/USB/Class/Common/HIDParser.o
 .debug_loc     0x0000333b      0x2d2 ../../PowCapMobile-FW/LUFA/Drivers/USB/Class/Device/Audio.o
 .debug_loc     0x0000360d      0x72f ../../PowCapMobile-FW/LUFA/Drivers/USB/Class/Device/CDC.o
 .debug_loc     0x00003d3c      0x301 ../../PowCapMobile-FW/LUFA/Drivers/USB/Class/Device/HID.o
 .debug_loc     0x0000403d      0x349 ../../PowCapMobile-FW/LUFA/Drivers/USB/Class/Device/MassStorage.o
 .debug_loc     0x00004386      0x3a5 ../../PowCapMobile-FW/LUFA/Drivers/USB/Class/Device/MIDI.o
 .debug_loc     0x0000472b      0x962 ../../PowCapMobile-FW/LUFA/Drivers/USB/Class/Device/RNDIS.o

.debug_macinfo
 *(.debug_macinfo)
OUTPUT(PowCap.elf elf32-avr)
LOAD linker stubs

.debug_pubtypes
                0x00000000      0xe31
 .debug_pubtypes
                0x00000000      0x114 PowCap.o
 .debug_pubtypes
                0x00000114       0x1e SPI.o
 .debug_pubtypes
                0x00000132       0x1e filters.o
 .debug_pubtypes
                0x00000150       0x54 FSM.o
 .debug_pubtypes
                0x000001a4       0x60 commands.o
 .debug_pubtypes
                0x00000204       0x1e ../../PowCapMobile-FW/LUFA/Drivers/USB/Core/AVR8/Device_AVR8.o
 .debug_pubtypes
                0x00000222       0x85 ../../PowCapMobile-FW/LUFA/Drivers/USB/Core/AVR8/Endpoint_AVR8.o
 .debug_pubtypes
                0x000002a7       0x68 ../../PowCapMobile-FW/LUFA/Drivers/USB/Core/AVR8/USBController_AVR8.o
 .debug_pubtypes
                0x0000030f       0x58 ../../PowCapMobile-FW/LUFA/Drivers/USB/Core/AVR8/USBInterrupt_AVR8.o
 .debug_pubtypes
                0x00000367       0xab ../../PowCapMobile-FW/LUFA/Drivers/USB/Core/AVR8/EndpointStream_AVR8.o
 .debug_pubtypes
                0x00000412       0xb4 ../../PowCapMobile-FW/LUFA/Drivers/USB/Core/ConfigDescriptor.o
 .debug_pubtypes
                0x000004c6       0xd7 ../../PowCapMobile-FW/LUFA/Drivers/USB/Core/DeviceStandardReq.o
 .debug_pubtypes
                0x0000059d       0x12 ../../PowCapMobile-FW/LUFA/Drivers/USB/Core/Events.o
 .debug_pubtypes
                0x000005af       0x5c ../../PowCapMobile-FW/LUFA/Drivers/USB/Core/USBTask.o
 .debug_pubtypes
                0x0000060b      0x145 ../../PowCapMobile-FW/LUFA/Drivers/USB/Class/Common/HIDParser.o
 .debug_pubtypes
                0x00000750       0x99 ../../PowCapMobile-FW/LUFA/Drivers/USB/Class/Device/Audio.o
 .debug_pubtypes
                0x000007e9      0x138 ../../PowCapMobile-FW/LUFA/Drivers/USB/Class/Device/CDC.o
 .debug_pubtypes
                0x00000921       0xad ../../PowCapMobile-FW/LUFA/Drivers/USB/Class/Device/HID.o
 .debug_pubtypes
                0x000009ce      0x119 ../../PowCapMobile-FW/LUFA/Drivers/USB/Class/Device/MassStorage.o
 .debug_pubtypes
                0x00000ae7       0xc7 ../../PowCapMobile-FW/LUFA/Drivers/USB/Class/Device/MIDI.o
 .debug_pubtypes
                0x00000bae      0x283 ../../PowCapMobile-FW/LUFA/Drivers/USB/Class/Device/RNDIS.o

.debug_ranges   0x00000000      0x908
 .debug_ranges  0x00000000       0x70 PowCap.o
 .debug_ranges  0x00000070       0x18 Descriptors.o
 .debug_ranges  0x00000088       0x18 SPI.o
 .debug_ranges  0x000000a0       0x10 filters.o
 .debug_ranges  0x000000b0       0x50 FSM.o
 .debug_ranges  0x00000100       0x80 commands.o
 .debug_ranges  0x00000180       0x10 ../../PowCapMobile-FW/LUFA/Drivers/USB/Core/AVR8/Device_AVR8.o
 .debug_ranges  0x00000190       0x40 ../../PowCapMobile-FW/LUFA/Drivers/USB/Core/AVR8/Endpoint_AVR8.o
 .debug_ranges  0x000001d0       0x20 ../../PowCapMobile-FW/LUFA/Drivers/USB/Core/AVR8/USBController_AVR8.o
 .debug_ranges  0x000001f0       0x28 ../../PowCapMobile-FW/LUFA/Drivers/USB/Core/AVR8/USBInterrupt_AVR8.o
 .debug_ranges  0x00000218      0x298 ../../PowCapMobile-FW/LUFA/Drivers/USB/Core/AVR8/EndpointStream_AVR8.o
 .debug_ranges  0x000004b0       0x28 ../../PowCapMobile-FW/LUFA/Drivers/USB/Core/ConfigDescriptor.o
 .debug_ranges  0x000004d8       0x10 ../../PowCapMobile-FW/LUFA/Drivers/USB/Core/DeviceStandardReq.o
 .debug_ranges  0x000004e8       0x10 ../../PowCapMobile-FW/LUFA/Drivers/USB/Core/Events.o
 .debug_ranges  0x000004f8       0x10 ../../PowCapMobile-FW/LUFA/Drivers/USB/Core/USBTask.o
 .debug_ranges  0x00000508      0x100 ../../PowCapMobile-FW/LUFA/Drivers/USB/Class/Common/HIDParser.o
 .debug_ranges  0x00000608       0x38 ../../PowCapMobile-FW/LUFA/Drivers/USB/Class/Device/Audio.o
 .debug_ranges  0x00000640       0xd0 ../../PowCapMobile-FW/LUFA/Drivers/USB/Class/Device/CDC.o
 .debug_ranges  0x00000710       0x50 ../../PowCapMobile-FW/LUFA/Drivers/USB/Class/Device/HID.o
 .debug_ranges  0x00000760       0x68 ../../PowCapMobile-FW/LUFA/Drivers/USB/Class/Device/MassStorage.o
 .debug_ranges  0x000007c8       0x78 ../../PowCapMobile-FW/LUFA/Drivers/USB/Class/Device/MIDI.o
 .debug_ranges  0x00000840       0xc8 ../../PowCapMobile-FW/LUFA/Drivers/USB/Class/Device/RNDIS.o

Cross Reference Table

Symbol                                            File
Audio_Device_ConfigureEndpoints                   ../../PowCapMobile-FW/LUFA/Drivers/USB/Class/Device/Audio.o
Audio_Device_Event_Stub                           ../../PowCapMobile-FW/LUFA/Drivers/USB/Class/Device/Audio.o
Audio_Device_ProcessControlRequest                ../../PowCapMobile-FW/LUFA/Drivers/USB/Class/Device/Audio.o
CALLBACK_Audio_Device_GetSetEndpointProperty      ../../PowCapMobile-FW/LUFA/Drivers/USB/Class/Device/Audio.o
CALLBACK_HIDParser_FilterHIDReportItem            ../../PowCapMobile-FW/LUFA/Drivers/USB/Class/Common/HIDParser.o
CALLBACK_HID_Device_CreateHIDReport               ../../PowCapMobile-FW/LUFA/Drivers/USB/Class/Device/HID.o
CALLBACK_HID_Device_ProcessHIDReport              ../../PowCapMobile-FW/LUFA/Drivers/USB/Class/Device/HID.o
CALLBACK_MS_Device_SCSICommandReceived            ../../PowCapMobile-FW/LUFA/Drivers/USB/Class/Device/MassStorage.o
CALLBACK_USB_GetDescriptor                        Descriptors.o
                                                  ../../PowCapMobile-FW/LUFA/Drivers/USB/Core/DeviceStandardReq.o
CDC_Device_BytesReceived                          ../../PowCapMobile-FW/LUFA/Drivers/USB/Class/Device/CDC.o
CDC_Device_ConfigureEndpoints                     ../../PowCapMobile-FW/LUFA/Drivers/USB/Class/Device/CDC.o
                                                  PowCap.o
CDC_Device_CreateBlockingStream                   ../../PowCapMobile-FW/LUFA/Drivers/USB/Class/Device/CDC.o
CDC_Device_CreateStream                           ../../PowCapMobile-FW/LUFA/Drivers/USB/Class/Device/CDC.o
CDC_Device_Event_Stub                             ../../PowCapMobile-FW/LUFA/Drivers/USB/Class/Device/CDC.o
CDC_Device_Flush                                  ../../PowCapMobile-FW/LUFA/Drivers/USB/Class/Device/CDC.o
CDC_Device_ProcessControlRequest                  ../../PowCapMobile-FW/LUFA/Drivers/USB/Class/Device/CDC.o
                                                  PowCap.o
CDC_Device_ReceiveByte                            ../../PowCapMobile-FW/LUFA/Drivers/USB/Class/Device/CDC.o
                                                  PowCap.o
CDC_Device_SendByte                               ../../PowCapMobile-FW/LUFA/Drivers/USB/Class/Device/CDC.o
                                                  PowCap.o
CDC_Device_SendControlLineStateChange             ../../PowCapMobile-FW/LUFA/Drivers/USB/Class/Device/CDC.o
CDC_Device_SendData                               ../../PowCapMobile-FW/LUFA/Drivers/USB/Class/Device/CDC.o
CDC_Device_SendString                             ../../PowCapMobile-FW/LUFA/Drivers/USB/Class/Device/CDC.o
CDC_Device_USBTask                                ../../PowCapMobile-FW/LUFA/Drivers/USB/Class/Device/CDC.o
                                                  PowCap.o
ConfigurationDescriptor                           Descriptors.o
DeviceDescriptor                                  Descriptors.o
EVENT_Audio_Device_StreamStartStop                ../../PowCapMobile-FW/LUFA/Drivers/USB/Class/Device/Audio.o
EVENT_CDC_Device_BreakSent                        ../../PowCapMobile-FW/LUFA/Drivers/USB/Class/Device/CDC.o
EVENT_CDC_Device_ControLineStateChanged           ../../PowCapMobile-FW/LUFA/Drivers/USB/Class/Device/CDC.o
EVENT_CDC_Device_LineEncodingChanged              PowCap.o
EVENT_USB_Device_ConfigurationChanged             PowCap.o
                                                  ../../PowCapMobile-FW/LUFA/Drivers/USB/Core/DeviceStandardReq.o
EVENT_USB_Device_Connect                          PowCap.o
                                                  ../../PowCapMobile-FW/LUFA/Drivers/USB/Core/AVR8/USBInterrupt_AVR8.o
EVENT_USB_Device_ControlRequest                   PowCap.o
                                                  ../../PowCapMobile-FW/LUFA/Drivers/USB/Core/DeviceStandardReq.o
EVENT_USB_Device_Disconnect                       PowCap.o
                                                  ../../PowCapMobile-FW/LUFA/Drivers/USB/Core/AVR8/USBInterrupt_AVR8.o
EVENT_USB_Device_Reset                            ../../PowCapMobile-FW/LUFA/Drivers/USB/Core/Events.o
                                                  ../../PowCapMobile-FW/LUFA/Drivers/USB/Core/AVR8/USBInterrupt_AVR8.o
EVENT_USB_Device_StartOfFrame                     ../../PowCapMobile-FW/LUFA/Drivers/USB/Core/Events.o
                                                  ../../PowCapMobile-FW/LUFA/Drivers/USB/Core/AVR8/USBInterrupt_AVR8.o
EVENT_USB_Device_Suspend                          ../../PowCapMobile-FW/LUFA/Drivers/USB/Core/Events.o
                                                  ../../PowCapMobile-FW/LUFA/Drivers/USB/Core/AVR8/USBInterrupt_AVR8.o
EVENT_USB_Device_WakeUp                           ../../PowCapMobile-FW/LUFA/Drivers/USB/Core/Events.o
                                                  ../../PowCapMobile-FW/LUFA/Drivers/USB/Core/AVR8/USBInterrupt_AVR8.o
Endpoint_ClearEndpoints                           ../../PowCapMobile-FW/LUFA/Drivers/USB/Core/AVR8/Endpoint_AVR8.o
Endpoint_ClearStatusStage                         ../../PowCapMobile-FW/LUFA/Drivers/USB/Core/AVR8/Endpoint_AVR8.o
                                                  ../../PowCapMobile-FW/LUFA/Drivers/USB/Class/Device/MassStorage.o
                                                  ../../PowCapMobile-FW/LUFA/Drivers/USB/Class/Device/HID.o
                                                  ../../PowCapMobile-FW/LUFA/Drivers/USB/Class/Device/CDC.o
                                                  ../../PowCapMobile-FW/LUFA/Drivers/USB/Class/Device/Audio.o
                                                  ../../PowCapMobile-FW/LUFA/Drivers/USB/Core/DeviceStandardReq.o
Endpoint_ConfigureEndpoint_Prv                    ../../PowCapMobile-FW/LUFA/Drivers/USB/Core/AVR8/Endpoint_AVR8.o
                                                  ../../PowCapMobile-FW/LUFA/Drivers/USB/Class/Device/RNDIS.o
                                                  ../../PowCapMobile-FW/LUFA/Drivers/USB/Class/Device/MIDI.o
                                                  ../../PowCapMobile-FW/LUFA/Drivers/USB/Class/Device/MassStorage.o
                                                  ../../PowCapMobile-FW/LUFA/Drivers/USB/Class/Device/HID.o
                                                  ../../PowCapMobile-FW/LUFA/Drivers/USB/Class/Device/CDC.o
                                                  ../../PowCapMobile-FW/LUFA/Drivers/USB/Class/Device/Audio.o
                                                  ../../PowCapMobile-FW/LUFA/Drivers/USB/Core/AVR8/USBInterrupt_AVR8.o
                                                  ../../PowCapMobile-FW/LUFA/Drivers/USB/Core/AVR8/USBController_AVR8.o
Endpoint_Discard_Stream                           ../../PowCapMobile-FW/LUFA/Drivers/USB/Core/AVR8/EndpointStream_AVR8.o
Endpoint_Null_Stream                              ../../PowCapMobile-FW/LUFA/Drivers/USB/Core/AVR8/EndpointStream_AVR8.o
Endpoint_Read_Control_EStream_BE                  ../../PowCapMobile-FW/LUFA/Drivers/USB/Core/AVR8/EndpointStream_AVR8.o
Endpoint_Read_Control_EStream_LE                  ../../PowCapMobile-FW/LUFA/Drivers/USB/Core/AVR8/EndpointStream_AVR8.o
Endpoint_Read_Control_Stream_BE                   ../../PowCapMobile-FW/LUFA/Drivers/USB/Core/AVR8/EndpointStream_AVR8.o
Endpoint_Read_Control_Stream_LE                   ../../PowCapMobile-FW/LUFA/Drivers/USB/Core/AVR8/EndpointStream_AVR8.o
                                                  ../../PowCapMobile-FW/LUFA/Drivers/USB/Class/Device/RNDIS.o
                                                  ../../PowCapMobile-FW/LUFA/Drivers/USB/Class/Device/HID.o
                                                  ../../PowCapMobile-FW/LUFA/Drivers/USB/Class/Device/Audio.o
Endpoint_Read_EStream_BE                          ../../PowCapMobile-FW/LUFA/Drivers/USB/Core/AVR8/EndpointStream_AVR8.o
Endpoint_Read_EStream_LE                          ../../PowCapMobile-FW/LUFA/Drivers/USB/Core/AVR8/EndpointStream_AVR8.o
Endpoint_Read_Stream_BE                           ../../PowCapMobile-FW/LUFA/Drivers/USB/Core/AVR8/EndpointStream_AVR8.o
Endpoint_Read_Stream_LE                           ../../PowCapMobile-FW/LUFA/Drivers/USB/Core/AVR8/EndpointStream_AVR8.o
                                                  ../../PowCapMobile-FW/LUFA/Drivers/USB/Class/Device/RNDIS.o
                                                  ../../PowCapMobile-FW/LUFA/Drivers/USB/Class/Device/MIDI.o
                                                  ../../PowCapMobile-FW/LUFA/Drivers/USB/Class/Device/MassStorage.o
Endpoint_WaitUntilReady                           ../../PowCapMobile-FW/LUFA/Drivers/USB/Core/AVR8/Endpoint_AVR8.o
                                                  ../../PowCapMobile-FW/LUFA/Drivers/USB/Class/Device/RNDIS.o
                                                  ../../PowCapMobile-FW/LUFA/Drivers/USB/Class/Device/MIDI.o
                                                  ../../PowCapMobile-FW/LUFA/Drivers/USB/Class/Device/CDC.o
                                                  ../../PowCapMobile-FW/LUFA/Drivers/USB/Core/AVR8/EndpointStream_AVR8.o
Endpoint_Write_Control_EStream_BE                 ../../PowCapMobile-FW/LUFA/Drivers/USB/Core/AVR8/EndpointStream_AVR8.o
Endpoint_Write_Control_EStream_LE                 ../../PowCapMobile-FW/LUFA/Drivers/USB/Core/AVR8/EndpointStream_AVR8.o
Endpoint_Write_Control_PStream_BE                 ../../PowCapMobile-FW/LUFA/Drivers/USB/Core/AVR8/EndpointStream_AVR8.o
Endpoint_Write_Control_PStream_LE                 ../../PowCapMobile-FW/LUFA/Drivers/USB/Core/AVR8/EndpointStream_AVR8.o
                                                  ../../PowCapMobile-FW/LUFA/Drivers/USB/Core/DeviceStandardReq.o
Endpoint_Write_Control_Stream_BE                  ../../PowCapMobile-FW/LUFA/Drivers/USB/Core/AVR8/EndpointStream_AVR8.o
Endpoint_Write_Control_Stream_LE                  ../../PowCapMobile-FW/LUFA/Drivers/USB/Core/AVR8/EndpointStream_AVR8.o
                                                  ../../PowCapMobile-FW/LUFA/Drivers/USB/Class/Device/RNDIS.o
                                                  ../../PowCapMobile-FW/LUFA/Drivers/USB/Class/Device/HID.o
                                                  ../../PowCapMobile-FW/LUFA/Drivers/USB/Class/Device/Audio.o
                                                  ../../PowCapMobile-FW/LUFA/Drivers/USB/Core/DeviceStandardReq.o
Endpoint_Write_EStream_BE                         ../../PowCapMobile-FW/LUFA/Drivers/USB/Core/AVR8/EndpointStream_AVR8.o
Endpoint_Write_EStream_LE                         ../../PowCapMobile-FW/LUFA/Drivers/USB/Core/AVR8/EndpointStream_AVR8.o
Endpoint_Write_PStream_BE                         ../../PowCapMobile-FW/LUFA/Drivers/USB/Core/AVR8/EndpointStream_AVR8.o
Endpoint_Write_PStream_LE                         ../../PowCapMobile-FW/LUFA/Drivers/USB/Core/AVR8/EndpointStream_AVR8.o
Endpoint_Write_Stream_BE                          ../../PowCapMobile-FW/LUFA/Drivers/USB/Core/AVR8/EndpointStream_AVR8.o
Endpoint_Write_Stream_LE                          ../../PowCapMobile-FW/LUFA/Drivers/USB/Core/AVR8/EndpointStream_AVR8.o
                                                  ../../PowCapMobile-FW/LUFA/Drivers/USB/Class/Device/RNDIS.o
                                                  ../../PowCapMobile-FW/LUFA/Drivers/USB/Class/Device/MIDI.o
                                                  ../../PowCapMobile-FW/LUFA/Drivers/USB/Class/Device/MassStorage.o
                                                  ../../PowCapMobile-FW/LUFA/Drivers/USB/Class/Device/HID.o
                                                  ../../PowCapMobile-FW/LUFA/Drivers/USB/Class/Device/CDC.o
FSM_State                                         commands.o
                                                  FSM.o
                                                  PowCap.o
HID_Device_ConfigureEndpoints                     ../../PowCapMobile-FW/LUFA/Drivers/USB/Class/Device/HID.o
HID_Device_ProcessControlRequest                  ../../PowCapMobile-FW/LUFA/Drivers/USB/Class/Device/HID.o
HID_Device_USBTask                                ../../PowCapMobile-FW/LUFA/Drivers/USB/Class/Device/HID.o
LanguageString                                    Descriptors.o
MIDI_Device_ConfigureEndpoints                    ../../PowCapMobile-FW/LUFA/Drivers/USB/Class/Device/MIDI.o
MIDI_Device_Flush                                 ../../PowCapMobile-FW/LUFA/Drivers/USB/Class/Device/MIDI.o
MIDI_Device_ReceiveEventPacket                    ../../PowCapMobile-FW/LUFA/Drivers/USB/Class/Device/MIDI.o
MIDI_Device_SendEventPacket                       ../../PowCapMobile-FW/LUFA/Drivers/USB/Class/Device/MIDI.o
MIDI_Device_USBTask                               ../../PowCapMobile-FW/LUFA/Drivers/USB/Class/Device/MIDI.o
MS_Device_ConfigureEndpoints                      ../../PowCapMobile-FW/LUFA/Drivers/USB/Class/Device/MassStorage.o
MS_Device_ProcessControlRequest                   ../../PowCapMobile-FW/LUFA/Drivers/USB/Class/Device/MassStorage.o
MS_Device_USBTask                                 ../../PowCapMobile-FW/LUFA/Drivers/USB/Class/Device/MassStorage.o
ManufacturerString                                Descriptors.o
ProductString                                     Descriptors.o
RNDIS_Device_ConfigureEndpoints                   ../../PowCapMobile-FW/LUFA/Drivers/USB/Class/Device/RNDIS.o
RNDIS_Device_IsPacketReceived                     ../../PowCapMobile-FW/LUFA/Drivers/USB/Class/Device/RNDIS.o
RNDIS_Device_ProcessControlRequest                ../../PowCapMobile-FW/LUFA/Drivers/USB/Class/Device/RNDIS.o
RNDIS_Device_ReadPacket                           ../../PowCapMobile-FW/LUFA/Drivers/USB/Class/Device/RNDIS.o
RNDIS_Device_SendPacket                           ../../PowCapMobile-FW/LUFA/Drivers/USB/Class/Device/RNDIS.o
RNDIS_Device_USBTask                              ../../PowCapMobile-FW/LUFA/Drivers/USB/Class/Device/RNDIS.o
SPI_MasterInit                                    SPI.o
                                                  PowCap.o
SPI_MaterTransmit                                 SPI.o
                                                  commands.o
SetupHardware                                     PowCap.o
USB_ControlRequest                                ../../PowCapMobile-FW/LUFA/Drivers/USB/Class/Device/RNDIS.o
                                                  ../../PowCapMobile-FW/LUFA/Drivers/USB/Class/Device/MassStorage.o
                                                  ../../PowCapMobile-FW/LUFA/Drivers/USB/Class/Device/HID.o
                                                  ../../PowCapMobile-FW/LUFA/Drivers/USB/Class/Device/CDC.o
                                                  ../../PowCapMobile-FW/LUFA/Drivers/USB/Class/Device/Audio.o
                                                  ../../PowCapMobile-FW/LUFA/Drivers/USB/Core/USBTask.o
                                                  ../../PowCapMobile-FW/LUFA/Drivers/USB/Core/DeviceStandardReq.o
                                                  ../../PowCapMobile-FW/LUFA/Drivers/USB/Core/AVR8/EndpointStream_AVR8.o
                                                  ../../PowCapMobile-FW/LUFA/Drivers/USB/Core/AVR8/Endpoint_AVR8.o
USB_Device_ConfigurationNumber                    ../../PowCapMobile-FW/LUFA/Drivers/USB/Core/DeviceStandardReq.o
                                                  ../../PowCapMobile-FW/LUFA/Drivers/USB/Core/AVR8/USBInterrupt_AVR8.o
                                                  ../../PowCapMobile-FW/LUFA/Drivers/USB/Core/AVR8/USBController_AVR8.o
USB_Device_CurrentlySelfPowered                   ../../PowCapMobile-FW/LUFA/Drivers/USB/Core/DeviceStandardReq.o
                                                  ../../PowCapMobile-FW/LUFA/Drivers/USB/Core/AVR8/USBController_AVR8.o
USB_Device_ProcessControlRequest                  ../../PowCapMobile-FW/LUFA/Drivers/USB/Core/DeviceStandardReq.o
                                                  ../../PowCapMobile-FW/LUFA/Drivers/USB/Core/USBTask.o
                                                  ../../PowCapMobile-FW/LUFA/Drivers/USB/Core/AVR8/USBInterrupt_AVR8.o
USB_Device_RemoteWakeupEnabled                    ../../PowCapMobile-FW/LUFA/Drivers/USB/Core/DeviceStandardReq.o
                                                  ../../PowCapMobile-FW/LUFA/Drivers/USB/Core/AVR8/USBController_AVR8.o
USB_Device_SendRemoteWakeup                       ../../PowCapMobile-FW/LUFA/Drivers/USB/Core/AVR8/Device_AVR8.o
USB_Disable                                       ../../PowCapMobile-FW/LUFA/Drivers/USB/Core/AVR8/USBController_AVR8.o
USB_Event_Stub                                    ../../PowCapMobile-FW/LUFA/Drivers/USB/Core/Events.o
USB_GetHIDReportItemInfo                          ../../PowCapMobile-FW/LUFA/Drivers/USB/Class/Common/HIDParser.o
USB_GetHIDReportSize                              ../../PowCapMobile-FW/LUFA/Drivers/USB/Class/Common/HIDParser.o
USB_GetNextDescriptorComp                         ../../PowCapMobile-FW/LUFA/Drivers/USB/Core/ConfigDescriptor.o
USB_GetNextDescriptorOfType                       ../../PowCapMobile-FW/LUFA/Drivers/USB/Core/ConfigDescriptor.o
USB_GetNextDescriptorOfTypeAfter                  ../../PowCapMobile-FW/LUFA/Drivers/USB/Core/ConfigDescriptor.o
USB_GetNextDescriptorOfTypeBefore                 ../../PowCapMobile-FW/LUFA/Drivers/USB/Core/ConfigDescriptor.o
USB_INT_ClearAllInterrupts                        ../../PowCapMobile-FW/LUFA/Drivers/USB/Core/AVR8/USBInterrupt_AVR8.o
                                                  ../../PowCapMobile-FW/LUFA/Drivers/USB/Core/AVR8/USBController_AVR8.o
USB_INT_DisableAllInterrupts                      ../../PowCapMobile-FW/LUFA/Drivers/USB/Core/AVR8/USBInterrupt_AVR8.o
                                                  ../../PowCapMobile-FW/LUFA/Drivers/USB/Core/AVR8/USBController_AVR8.o
USB_Init                                          ../../PowCapMobile-FW/LUFA/Drivers/USB/Core/AVR8/USBController_AVR8.o
                                                  PowCap.o
USB_IsInitialized                                 ../../PowCapMobile-FW/LUFA/Drivers/USB/Core/USBTask.o
                                                  ../../PowCapMobile-FW/LUFA/Drivers/USB/Core/AVR8/USBController_AVR8.o
USB_ProcessHIDReport                              ../../PowCapMobile-FW/LUFA/Drivers/USB/Class/Common/HIDParser.o
USB_ResetInterface                                ../../PowCapMobile-FW/LUFA/Drivers/USB/Core/AVR8/USBController_AVR8.o
USB_SetHIDReportItemInfo                          ../../PowCapMobile-FW/LUFA/Drivers/USB/Class/Common/HIDParser.o
USB_USBTask                                       ../../PowCapMobile-FW/LUFA/Drivers/USB/Core/USBTask.o
                                                  ../../PowCapMobile-FW/LUFA/Drivers/USB/Class/Device/CDC.o
                                                  PowCap.o
VirtualSerial_CDC_Interface                       PowCap.o
__bad_interrupt                                   /usr/lib/gcc/avr/4.5.3/../../../avr/lib/avr5/crtm32u4.o
__bss_end                                         /usr/lib/gcc/avr/4.5.3/avr5/libgcc.a(_clear_bss.o)
__bss_start                                       /usr/lib/gcc/avr/4.5.3/avr5/libgcc.a(_clear_bss.o)
__ctype_isfalse                                   /usr/lib/gcc/avr/4.5.3/../../../avr/lib/avr5/libc.a(cty_isfalse.o)
                                                  /usr/lib/gcc/avr/4.5.3/../../../avr/lib/avr5/libc.a(isspace.o)
                                                  /usr/lib/gcc/avr/4.5.3/../../../avr/lib/avr5/libc.a(isxdigit.o)
__ctype_istrue                                    /usr/lib/gcc/avr/4.5.3/../../../avr/lib/avr5/libc.a(cty_isfalse.o)
__data_end                                        /usr/lib/gcc/avr/4.5.3/avr5/libgcc.a(_copy_data.o)
__data_load_start                                 /usr/lib/gcc/avr/4.5.3/avr5/libgcc.a(_copy_data.o)
__data_start                                      /usr/lib/gcc/avr/4.5.3/avr5/libgcc.a(_copy_data.o)
__do_clear_bss                                    /usr/lib/gcc/avr/4.5.3/avr5/libgcc.a(_clear_bss.o)
                                                  /usr/lib/gcc/avr/4.5.3/../../../avr/lib/avr5/libc.a(errno.o)
                                                  ../../PowCapMobile-FW/LUFA/Drivers/USB/Core/USBTask.o
                                                  ../../PowCapMobile-FW/LUFA/Drivers/USB/Core/DeviceStandardReq.o
                                                  commands.o
                                                  FSM.o
                                                  PowCap.o
__do_copy_data                                    /usr/lib/gcc/avr/4.5.3/avr5/libgcc.a(_copy_data.o)
                                                  ../../PowCapMobile-FW/LUFA/Drivers/USB/Class/Device/RNDIS.o
                                                  ../../PowCapMobile-FW/LUFA/Drivers/USB/Class/Device/CDC.o
                                                  PowCap.o
__eerd_byte_m32u4                                 /usr/lib/gcc/avr/4.5.3/../../../avr/lib/avr5/libc.a(eerd_byte_atmega32u4.o)
                                                  ../../PowCapMobile-FW/LUFA/Drivers/USB/Core/AVR8/EndpointStream_AVR8.o
__eeupd_byte_m32u4                                /usr/lib/gcc/avr/4.5.3/../../../avr/lib/avr5/libc.a(eeupd_byte_atmega32u4.o)
                                                  ../../PowCapMobile-FW/LUFA/Drivers/USB/Core/AVR8/EndpointStream_AVR8.o
__eeupd_r18_m32u4                                 /usr/lib/gcc/avr/4.5.3/../../../avr/lib/avr5/libc.a(eeupd_byte_atmega32u4.o)
__heap_end                                        /usr/lib/gcc/avr/4.5.3/../../../avr/lib/avr5/crtm32u4.o
__init                                            /usr/lib/gcc/avr/4.5.3/../../../avr/lib/avr5/crtm32u4.o
__mulsi3                                          /usr/lib/gcc/avr/4.5.3/avr5/libgcc.a(_mulsi3.o)
                                                  /usr/lib/gcc/avr/4.5.3/../../../avr/lib/avr5/libc.a(strtol.o)
__stack                                           /usr/lib/gcc/avr/4.5.3/../../../avr/lib/avr5/crtm32u4.o
__udivmodsi4                                      /usr/lib/gcc/avr/4.5.3/avr5/libgcc.a(_udivmodsi4.o)
                                                  /usr/lib/gcc/avr/4.5.3/../../../avr/lib/avr5/libc.a(strtol.o)
__vector_1                                        /usr/lib/gcc/avr/4.5.3/../../../avr/lib/avr5/crtm32u4.o
__vector_10                                       ../../PowCapMobile-FW/LUFA/Drivers/USB/Core/AVR8/USBInterrupt_AVR8.o
                                                  /usr/lib/gcc/avr/4.5.3/../../../avr/lib/avr5/crtm32u4.o
__vector_11                                       ../../PowCapMobile-FW/LUFA/Drivers/USB/Core/AVR8/USBInterrupt_AVR8.o
                                                  /usr/lib/gcc/avr/4.5.3/../../../avr/lib/avr5/crtm32u4.o
__vector_12                                       /usr/lib/gcc/avr/4.5.3/../../../avr/lib/avr5/crtm32u4.o
__vector_13                                       /usr/lib/gcc/avr/4.5.3/../../../avr/lib/avr5/crtm32u4.o
__vector_14                                       /usr/lib/gcc/avr/4.5.3/../../../avr/lib/avr5/crtm32u4.o
__vector_15                                       /usr/lib/gcc/avr/4.5.3/../../../avr/lib/avr5/crtm32u4.o
__vector_16                                       /usr/lib/gcc/avr/4.5.3/../../../avr/lib/avr5/crtm32u4.o
__vector_17                                       /usr/lib/gcc/avr/4.5.3/../../../avr/lib/avr5/crtm32u4.o
__vector_18                                       /usr/lib/gcc/avr/4.5.3/../../../avr/lib/avr5/crtm32u4.o
__vector_19                                       /usr/lib/gcc/avr/4.5.3/../../../avr/lib/avr5/crtm32u4.o
__vector_2                                        /usr/lib/gcc/avr/4.5.3/../../../avr/lib/avr5/crtm32u4.o
__vector_20                                       /usr/lib/gcc/avr/4.5.3/../../../avr/lib/avr5/crtm32u4.o
__vector_21                                       /usr/lib/gcc/avr/4.5.3/../../../avr/lib/avr5/crtm32u4.o
__vector_22                                       /usr/lib/gcc/avr/4.5.3/../../../avr/lib/avr5/crtm32u4.o
__vector_23                                       /usr/lib/gcc/avr/4.5.3/../../../avr/lib/avr5/crtm32u4.o
__vector_24                                       /usr/lib/gcc/avr/4.5.3/../../../avr/lib/avr5/crtm32u4.o
__vector_25                                       /usr/lib/gcc/avr/4.5.3/../../../avr/lib/avr5/crtm32u4.o
__vector_26                                       /usr/lib/gcc/avr/4.5.3/../../../avr/lib/avr5/crtm32u4.o
__vector_27                                       /usr/lib/gcc/avr/4.5.3/../../../avr/lib/avr5/crtm32u4.o
__vector_28                                       /usr/lib/gcc/avr/4.5.3/../../../avr/lib/avr5/crtm32u4.o
__vector_29                                       /usr/lib/gcc/avr/4.5.3/../../../avr/lib/avr5/crtm32u4.o
__vector_3                                        /usr/lib/gcc/avr/4.5.3/../../../avr/lib/avr5/crtm32u4.o
__vector_30                                       /usr/lib/gcc/avr/4.5.3/../../../avr/lib/avr5/crtm32u4.o
__vector_31                                       /usr/lib/gcc/avr/4.5.3/../../../avr/lib/avr5/crtm32u4.o
__vector_32                                       /usr/lib/gcc/avr/4.5.3/../../../avr/lib/avr5/crtm32u4.o
__vector_33                                       /usr/lib/gcc/avr/4.5.3/../../../avr/lib/avr5/crtm32u4.o
__vector_34                                       /usr/lib/gcc/avr/4.5.3/../../../avr/lib/avr5/crtm32u4.o
__vector_35                                       /usr/lib/gcc/avr/4.5.3/../../../avr/lib/avr5/crtm32u4.o
__vector_36                                       /usr/lib/gcc/avr/4.5.3/../../../avr/lib/avr5/crtm32u4.o
__vector_37                                       /usr/lib/gcc/avr/4.5.3/../../../avr/lib/avr5/crtm32u4.o
__vector_38                                       /usr/lib/gcc/avr/4.5.3/../../../avr/lib/avr5/crtm32u4.o
__vector_39                                       /usr/lib/gcc/avr/4.5.3/../../../avr/lib/avr5/crtm32u4.o
__vector_4                                        /usr/lib/gcc/avr/4.5.3/../../../avr/lib/avr5/crtm32u4.o
__vector_40                                       /usr/lib/gcc/avr/4.5.3/../../../avr/lib/avr5/crtm32u4.o
__vector_41                                       /usr/lib/gcc/avr/4.5.3/../../../avr/lib/avr5/crtm32u4.o
__vector_42                                       /usr/lib/gcc/avr/4.5.3/../../../avr/lib/avr5/crtm32u4.o
__vector_5                                        /usr/lib/gcc/avr/4.5.3/../../../avr/lib/avr5/crtm32u4.o
__vector_6                                        /usr/lib/gcc/avr/4.5.3/../../../avr/lib/avr5/crtm32u4.o
__vector_7                                        /usr/lib/gcc/avr/4.5.3/../../../avr/lib/avr5/crtm32u4.o
__vector_8                                        /usr/lib/gcc/avr/4.5.3/../../../avr/lib/avr5/crtm32u4.o
__vector_9                                        /usr/lib/gcc/avr/4.5.3/../../../avr/lib/avr5/crtm32u4.o
__vector_default                                  /usr/lib/gcc/avr/4.5.3/../../../avr/lib/avr5/crtm32u4.o
__vectors                                         /usr/lib/gcc/avr/4.5.3/../../../avr/lib/avr5/crtm32u4.o
_exit                                             /usr/lib/gcc/avr/4.5.3/avr5/libgcc.a(_exit.o)
cb_command                                        commands.o
                                                  FSM.o
                                                  PowCap.o
cb_filterC1                                       commands.o
                                                  FSM.o
cb_filterC2                                       commands.o
                                                  FSM.o
cb_filterV1                                       commands.o
                                                  FSM.o
cb_filterV2                                       commands.o
                                                  FSM.o
cb_gainC1                                         commands.o
                                                  FSM.o
cb_gainC2                                         commands.o
                                                  FSM.o
cb_gainV1                                         commands.o
                                                  FSM.o
cb_gainV2                                         commands.o
                                                  FSM.o
cb_notchC1                                        commands.o
                                                  FSM.o
cb_notchC2                                        commands.o
                                                  FSM.o
cb_notchV1                                        commands.o
                                                  FSM.o
cb_notchV2                                        commands.o
                                                  FSM.o
cmd                                               commands.o
                                                  FSM.o
                                                  PowCap.o
errno                                             /usr/lib/gcc/avr/4.5.3/../../../avr/lib/avr5/libc.a(errno.o)
                                                  /usr/lib/gcc/avr/4.5.3/../../../avr/lib/avr5/libc.a(strtol.o)
exit                                              /usr/lib/gcc/avr/4.5.3/avr5/libgcc.a(_exit.o)
                                                  /usr/lib/gcc/avr/4.5.3/../../../avr/lib/avr5/crtm32u4.o
filters_MasterInit                                filters.o
                                                  PowCap.o
init_FSM                                          FSM.o
init_callbacks                                    FSM.o
init_command                                      FSM.o
isspace                                           /usr/lib/gcc/avr/4.5.3/../../../avr/lib/avr5/libc.a(isspace.o)
                                                  /usr/lib/gcc/avr/4.5.3/../../../avr/lib/avr5/libc.a(strtol.o)
                                                  FSM.o
isxdigit                                          /usr/lib/gcc/avr/4.5.3/../../../avr/lib/avr5/libc.a(isxdigit.o)
                                                  FSM.o
main                                              PowCap.o
                                                  /usr/lib/gcc/avr/4.5.3/../../../avr/lib/avr5/crtm32u4.o
memcmp                                            /usr/lib/gcc/avr/4.5.3/../../../avr/lib/avr5/libc.a(memcmp.o)
                                                  ../../PowCapMobile-FW/LUFA/Drivers/USB/Class/Device/HID.o
memcpy                                            /usr/lib/gcc/avr/4.5.3/../../../avr/lib/avr5/libc.a(memcpy.o)
                                                  ../../PowCapMobile-FW/LUFA/Drivers/USB/Class/Device/RNDIS.o
                                                  ../../PowCapMobile-FW/LUFA/Drivers/USB/Class/Device/HID.o
memcpy_P                                          /usr/lib/gcc/avr/4.5.3/../../../avr/lib/avr5/libc.a(memcpy_P.o)
                                                  ../../PowCapMobile-FW/LUFA/Drivers/USB/Class/Device/RNDIS.o
memset                                            /usr/lib/gcc/avr/4.5.3/../../../avr/lib/avr5/libc.a(memset.o)
                                                  ../../PowCapMobile-FW/LUFA/Drivers/USB/Class/Device/HID.o
process_byte                                      FSM.o
                                                  PowCap.o
search_callback                                   FSM.o
set_command                                       FSM.o
set_param0                                        FSM.o
set_param1                                        FSM.o
setup_callbacks                                   FSM.o
                                                  PowCap.o
strtol                                            /usr/lib/gcc/avr/4.5.3/../../../avr/lib/avr5/libc.a(strtol.o)
                                                  commands.o
