Archive member included because of file (symbol)

/usr/lib/gcc/avr/4.3.4/avr5/libgcc.a(_exit.o)
                              /usr/lib/gcc/avr/4.3.4/../../../avr/lib/avr5/crtm32u4.o (exit)
/usr/lib/gcc/avr/4.3.4/avr5/libgcc.a(_copy_data.o)
                              PowCap.o (__do_copy_data)
/usr/lib/gcc/avr/4.3.4/avr5/libgcc.a(_clear_bss.o)
                              PowCap.o (__do_clear_bss)
/usr/lib/gcc/avr/4.3.4/../../../avr/lib/avr5/libc.a(strtol.o)
                              commands.o (strtol)
/usr/lib/gcc/avr/4.3.4/../../../avr/lib/avr5/libc.a(isxdigit.o)
                              FSM.o (isxdigit)
/usr/lib/gcc/avr/4.3.4/../../../avr/lib/avr5/libc.a(isspace.o)
                              FSM.o (isspace)
/usr/lib/gcc/avr/4.3.4/../../../avr/lib/avr5/libc.a(memcpy_P.o)
                              ../../LUFA/Drivers/USB/Class/Device/RNDIS.o (memcpy_P)
/usr/lib/gcc/avr/4.3.4/../../../avr/lib/avr5/libc.a(memcmp.o)
                              ../../LUFA/Drivers/USB/Class/Device/HID.o (memcmp)
/usr/lib/gcc/avr/4.3.4/../../../avr/lib/avr5/libc.a(memcpy.o)
                              ../../LUFA/Drivers/USB/Class/Device/HID.o (memcpy)
/usr/lib/gcc/avr/4.3.4/../../../avr/lib/avr5/libc.a(memset.o)
                              ../../LUFA/Drivers/USB/Class/Device/HID.o (memset)
/usr/lib/gcc/avr/4.3.4/../../../avr/lib/avr5/libc.a(eerd_byte_atmega32u4.o)
                              ../../LUFA/Drivers/USB/Core/AVR8/EndpointStream_AVR8.o (__eerd_byte_m32u4)
/usr/lib/gcc/avr/4.3.4/../../../avr/lib/avr5/libc.a(eeupd_byte_atmega32u4.o)
                              ../../LUFA/Drivers/USB/Core/AVR8/EndpointStream_AVR8.o (__eeupd_byte_m32u4)
/usr/lib/gcc/avr/4.3.4/../../../avr/lib/avr5/libc.a(errno.o)
                              /usr/lib/gcc/avr/4.3.4/../../../avr/lib/avr5/libc.a(strtol.o) (errno)
/usr/lib/gcc/avr/4.3.4/../../../avr/lib/avr5/libc.a(cty_isfalse.o)
                              /usr/lib/gcc/avr/4.3.4/../../../avr/lib/avr5/libc.a(isxdigit.o) (__ctype_isfalse)
/usr/lib/gcc/avr/4.3.4/avr5/libgcc.a(_mulsi3.o)
                              /usr/lib/gcc/avr/4.3.4/../../../avr/lib/avr5/libc.a(strtol.o) (__mulsi3)
/usr/lib/gcc/avr/4.3.4/avr5/libgcc.a(_udivmodsi4.o)
                              /usr/lib/gcc/avr/4.3.4/../../../avr/lib/avr5/libc.a(strtol.o) (__udivmodsi4)

Allocating common symbols
Common symbol       size              file

USB_IsInitialized   0x1               ../../LUFA/Drivers/USB/Core/USBTask.o
USB_CurrentlySelfPowered
                    0x1               ../../LUFA/Drivers/USB/Core/DeviceStandardReq.o
errno               0x2               /usr/lib/gcc/avr/4.3.4/../../../avr/lib/avr5/libc.a(errno.o)
USB_RemoteWakeupEnabled
                    0x1               ../../LUFA/Drivers/USB/Core/DeviceStandardReq.o
FSM_State           0x1               PowCap.o
cb_command          0x14              PowCap.o
USB_ControlRequest  0x8               ../../LUFA/Drivers/USB/Core/USBTask.o
USB_ConfigurationNumber
                    0x1               ../../LUFA/Drivers/USB/Core/DeviceStandardReq.o
cmd                 0x5               PowCap.o

Discarded input sections

 .data          0x00000000        0x0 /usr/lib/gcc/avr/4.3.4/../../../avr/lib/avr5/crtm32u4.o
 .bss           0x00000000        0x0 /usr/lib/gcc/avr/4.3.4/../../../avr/lib/avr5/crtm32u4.o
 .text          0x00000000        0x0 PowCap.o
 .text          0x00000000        0x0 Descriptors.o
 .data          0x00000000        0x0 Descriptors.o
 .bss           0x00000000        0x0 Descriptors.o
 .text          0x00000000        0x0 SPI.o
 .data          0x00000000        0x0 SPI.o
 .bss           0x00000000        0x0 SPI.o
 .text          0x00000000        0x0 filters.o
 .data          0x00000000        0x0 filters.o
 .bss           0x00000000        0x0 filters.o
 .text          0x00000000        0x0 FSM.o
 .data          0x00000000        0x0 FSM.o
 .bss           0x00000000        0x0 FSM.o
 .text          0x00000000        0x0 commands.o
 .data          0x00000000        0x0 commands.o
 .bss           0x00000000        0x0 commands.o
 .text          0x00000000        0x0 ../../LUFA/Drivers/USB/Core/AVR8/Device_AVR8.o
 .data          0x00000000        0x0 ../../LUFA/Drivers/USB/Core/AVR8/Device_AVR8.o
 .bss           0x00000000        0x0 ../../LUFA/Drivers/USB/Core/AVR8/Device_AVR8.o
 .text.USB_Device_SendRemoteWakeup
                0x00000000       0x2e ../../LUFA/Drivers/USB/Core/AVR8/Device_AVR8.o
 .text          0x00000000        0x0 ../../LUFA/Drivers/USB/Core/AVR8/Endpoint_AVR8.o
 .data          0x00000000        0x0 ../../LUFA/Drivers/USB/Core/AVR8/Endpoint_AVR8.o
 .bss           0x00000000        0x0 ../../LUFA/Drivers/USB/Core/AVR8/Endpoint_AVR8.o
 .text.Endpoint_ClearEndpoints
                0x00000000       0x28 ../../LUFA/Drivers/USB/Core/AVR8/Endpoint_AVR8.o
 .text          0x00000000        0x0 ../../LUFA/Drivers/USB/Core/AVR8/Host_AVR8.o
[...]
Memory Configuration

Name             Origin             Length             Attributes
text             0x00000000         0x00020000         xr
data             0x00800060         0x0000ffa0         rw !x
eeprom           0x00810000         0x00010000         rw !x
fuse             0x00820000         0x00000400         rw !x
lock             0x00830000         0x00000400         rw !x
signature        0x00840000         0x00000400         rw !x
*default*        0x00000000         0xffffffff

Linker script and memory map

Address of section .data set to 0x800100
LOAD /usr/lib/gcc/avr/4.3.4/../../../avr/lib/avr5/crtm32u4.o
LOAD PowCap.o
LOAD Descriptors.o
LOAD SPI.o
LOAD filters.o
LOAD FSM.o
LOAD commands.o
LOAD ../../LUFA/Drivers/USB/Core/AVR8/Device_AVR8.o
LOAD ../../LUFA/Drivers/USB/Core/AVR8/Endpoint_AVR8.o
LOAD ../../LUFA/Drivers/USB/Core/AVR8/Host_AVR8.o
LOAD ../../LUFA/Drivers/USB/Core/AVR8/Pipe_AVR8.o
LOAD ../../LUFA/Drivers/USB/Core/AVR8/USBController_AVR8.o
LOAD ../../LUFA/Drivers/USB/Core/AVR8/USBInterrupt_AVR8.o
LOAD ../../LUFA/Drivers/USB/Core/AVR8/EndpointStream_AVR8.o
LOAD ../../LUFA/Drivers/USB/Core/AVR8/PipeStream_AVR8.o
LOAD ../../LUFA/Drivers/USB/Core/ConfigDescriptor.o
LOAD ../../LUFA/Drivers/USB/Core/DeviceStandardReq.o
LOAD ../../LUFA/Drivers/USB/Core/Events.o
LOAD ../../LUFA/Drivers/USB/Core/HostStandardReq.o
LOAD ../../LUFA/Drivers/USB/Core/USBTask.o
LOAD ../../LUFA/Drivers/USB/Class/Common/HIDParser.o
LOAD ../../LUFA/Drivers/USB/Class/Device/Audio.o
LOAD ../../LUFA/Drivers/USB/Class/Device/CDC.o
LOAD ../../LUFA/Drivers/USB/Class/Device/HID.o
LOAD ../../LUFA/Drivers/USB/Class/Device/MassStorage.o
LOAD ../../LUFA/Drivers/USB/Class/Device/MIDI.o
LOAD ../../LUFA/Drivers/USB/Class/Device/RNDIS.o
LOAD ../../LUFA/Drivers/USB/Class/Host/Audio.o
LOAD ../../LUFA/Drivers/USB/Class/Host/CDC.o
LOAD ../../LUFA/Drivers/USB/Class/Host/HID.o
LOAD ../../LUFA/Drivers/USB/Class/Host/MassStorage.o
LOAD ../../LUFA/Drivers/USB/Class/Host/MIDI.o
LOAD ../../LUFA/Drivers/USB/Class/Host/Printer.o
LOAD ../../LUFA/Drivers/USB/Class/Host/RNDIS.o
LOAD ../../LUFA/Drivers/USB/Class/Host/StillImage.o
LOAD /usr/lib/gcc/avr/4.3.4/../../../avr/lib/avr5/libm.a
LOAD /usr/lib/gcc/avr/4.3.4/avr5/libgcc.a
LOAD /usr/lib/gcc/avr/4.3.4/../../../avr/lib/avr5/libc.a
LOAD /usr/lib/gcc/avr/4.3.4/avr5/libgcc.a

.hash
 *(.hash)

.dynsym
 *(.dynsym)

.dynstr
 *(.dynstr)

.gnu.version
 *(.gnu.version)

.gnu.version_d
 *(.gnu.version_d)

.gnu.version_r
 *(.gnu.version_r)

.rel.init
 *(.rel.init)

.rela.init
 *(.rela.init)

.rel.text
 *(.rel.text)
 *(.rel.text.*)
 *(.rel.gnu.linkonce.t*)

.rela.text
 *(.rela.text)
 *(.rela.text.*)
 *(.rela.gnu.linkonce.t*)

.rel.fini
 *(.rel.fini)

.rela.fini
 *(.rela.fini)

.rel.rodata
 *(.rel.rodata)
 *(.rel.rodata.*)
 *(.rel.gnu.linkonce.r*)

.rela.rodata
 *(.rela.rodata)
 *(.rela.rodata.*)
 *(.rela.gnu.linkonce.r*)

.rel.data
 *(.rel.data)
 *(.rel.data.*)
 *(.rel.gnu.linkonce.d*)

.rela.data
 *(.rela.data)
 *(.rela.data.*)
 *(.rela.gnu.linkonce.d*)

.rel.ctors
 *(.rel.ctors)

.rela.ctors
 *(.rela.ctors)

.rel.dtors
 *(.rel.dtors)

.rela.dtors
 *(.rela.dtors)

.rel.got
 *(.rel.got)

.rela.got
 *(.rela.got)

.rel.bss
 *(.rel.bss)

.rela.bss
 *(.rela.bss)

.rel.plt
 *(.rel.plt)

.rela.plt
 *(.rela.plt)

.text           0x00000000     0x15da
 *(.vectors)
 .vectors       0x00000000       0xac /usr/lib/gcc/avr/4.3.4/../../../avr/lib/avr5/crtm32u4.o
                0x00000000                __vectors
                0x00000000                __vector_default
 *(.vectors)
 *(.progmem.gcc*)
 *(.progmem*)
 .progmem.data  0x000000ac       0x9e Descriptors.o
                0x000000ac                DeviceDescriptor
                0x000000be                ConfigurationDescriptor
                0x000000fc                LanguageString
                0x00000100                ManufacturerString
                0x0000011a                ProductString
                0x0000014a                . = ALIGN (0x2)
                0x0000014a                __trampolines_start = .
 *(.trampolines)
 .trampolines   0x0000014a        0x0 linker stubs
 *(.trampolines*)
                0x0000014a                __trampolines_end = .
 *(.jumptables)
 *(.jumptables*)
 *(.lowtext)
 *(.lowtext*)
                0x0000014a                __ctors_start = .
 *(.ctors)
                0x0000014a                __ctors_end = .
                0x0000014a                __dtors_start = .
 *(.dtors)
                0x0000014a                __dtors_end = .
 SORT(*)(.ctors)
 SORT(*)(.dtors)
 *(.init0)
 .init0         0x0000014a        0x0 /usr/lib/gcc/avr/4.3.4/../../../avr/lib/avr5/crtm32u4.o
                0x0000014a                __init
 *(.init0)
 *(.init1)
 *(.init1)
 *(.init2)
 .init2         0x0000014a        0xc /usr/lib/gcc/avr/4.3.4/../../../avr/lib/avr5/crtm32u4.o
 *(.init2)
 *(.init3)
 *(.init3)
 *(.init4)
 .init4         0x00000156       0x16 /usr/lib/gcc/avr/4.3.4/avr5/libgcc.a(_copy_data.o)
                0x00000156                __do_copy_data
 .init4         0x0000016c       0x10 /usr/lib/gcc/avr/4.3.4/avr5/libgcc.a(_clear_bss.o)
                0x0000016c                __do_clear_bss
 *(.init4)
 *(.init5)
 *(.init5)
 *(.init6)
 *(.init6)
 *(.init7)
 *(.init7)
 *(.init8)
 *(.init8)
 *(.init9)
 .init9         0x0000017c        0x6 /usr/lib/gcc/avr/4.3.4/../../../avr/lib/avr5/crtm32u4.o
 *(.init9)
 *(.text)
 .text          0x00000182        0x2 /usr/lib/gcc/avr/4.3.4/../../../avr/lib/avr5/crtm32u4.o
                0x00000182                __vector_38
                0x00000182                __vector_22
                0x00000182                __vector_28
                0x00000182                __vector_1
                0x00000182                __vector_32
                0x00000182                __vector_34
                0x00000182                __vector_24
                0x00000182                __vector_12
                0x00000182                __bad_interrupt
                0x00000182                __vector_6
                0x00000182                __vector_31
                0x00000182                __vector_35
                0x00000182                __vector_39
                0x00000182                __vector_3
                0x00000182                __vector_23
                0x00000182                __vector_30
                0x00000182                __vector_25
                0x00000182                __vector_13
                0x00000182                __vector_17
                0x00000182                __vector_19
                0x00000182                __vector_7
                0x00000182                __vector_41
                0x00000182                __vector_27
                0x00000182                __vector_5
                0x00000182                __vector_33
                0x00000182                __vector_37
                0x00000182                __vector_4
                0x00000182                __vector_9
                0x00000182                __vector_2
                0x00000182                __vector_21
                0x00000182                __vector_15
                0x00000182                __vector_36
                0x00000182                __vector_29
                0x00000182                __vector_40
                0x00000182                __vector_8
                0x00000182                __vector_26
                0x00000182                __vector_14
                0x00000182                __vector_16
                0x00000182                __vector_18
                0x00000182                __vector_20
                0x00000182                __vector_42
                0x00000184                . = ALIGN (0x2)
 *(.text.*)
 .text.EVENT_USB_Device_Connect
                0x00000184        0x2 PowCap.o
                0x00000184                EVENT_USB_Device_Connect
 .text.EVENT_USB_Device_Disconnect
                0x00000186        0x2 PowCap.o
                0x00000186                EVENT_USB_Device_Disconnect
 .text.EVENT_CDC_Device_LineEncodingChanged
                0x00000188        0x2 PowCap.o
                0x00000188                EVENT_CDC_Device_LineEncodingChanged
 .text.EVENT_USB_Device_ControlRequest
                0x0000018a        0x8 PowCap.o
                0x0000018a                EVENT_USB_Device_ControlRequest
 .text.EVENT_USB_Device_ConfigurationChanged
                0x00000192        0x6 PowCap.o
                0x00000192                EVENT_USB_Device_ConfigurationChanged
 .text.SetupHardware
                0x00000198       0x38 PowCap.o
                0x00000198                SetupHardware
 .text.main     0x000001d0       0xfa PowCap.o
                0x000001d0                main
 .text.CALLBACK_USB_GetDescriptor
                0x000002ca       0x5c Descriptors.o
                0x000002ca                CALLBACK_USB_GetDescriptor
 .text.SPI_MasterInit
                0x00000326       0x10 SPI.o
                0x00000326                SPI_MasterInit
 .text.SPI_MaterTransmit
                0x00000336        0xa SPI.o
                0x00000336                SPI_MaterTransmit
 .text.filters_MasterInit
                0x00000340       0x14 filters.o
                0x00000340                filters_MasterInit
 .text.init_callbacks
                0x00000354       0x18 FSM.o
                0x00000354                init_callbacks
 .text.setup_callbacks
                0x0000036c       0x94 FSM.o
                0x0000036c                setup_callbacks
 .text.search_callback
                0x00000400       0x52 FSM.o
                0x00000400                search_callback
 .text.init_command
                0x00000452        0xa FSM.o
                0x00000452                init_command
 .text.init_FSM
                0x0000045c        0xa FSM.o
                0x0000045c                init_FSM
 .text.set_command
                0x00000466       0x34 FSM.o
                0x00000466                set_command
 .text.set_param1
                0x0000049a       0x2c FSM.o
                0x0000049a                set_param1
 .text.set_param0
                0x000004c6       0x2c FSM.o
                0x000004c6                set_param0
 .text.process_byte
                0x000004f2       0x3c FSM.o
                0x000004f2                process_byte
 .text.cb_notch2
                0x0000052e       0x3a commands.o
                0x0000052e                cb_notch2
 .text.cb_notch1
                0x00000568       0x3a commands.o
                0x00000568                cb_notch1
 .text.cb_filter1
                0x000005a2       0x9c commands.o
                0x000005a2                cb_filter1
 .text.cb_filter2
                0x0000063e       0x9c commands.o
                0x0000063e                cb_filter2
 .text.cb_gain2
                0x000006da       0x44 commands.o
                0x000006da                cb_gain2
 .text.cb_gain1
                0x0000071e       0x44 commands.o
                0x0000071e                cb_gain1
 .text.Endpoint_ConfigureEndpoint_Prv
                0x00000762       0x26 ../../LUFA/Drivers/USB/Core/AVR8/Endpoint_AVR8.o
                0x00000762                Endpoint_ConfigureEndpoint_Prv
 .text.Endpoint_ClearStatusStage
                0x00000788       0x3e ../../LUFA/Drivers/USB/Core/AVR8/Endpoint_AVR8.o
                0x00000788                Endpoint_ClearStatusStage
 .text.Endpoint_WaitUntilReady
                0x000007c6       0x62 ../../LUFA/Drivers/USB/Core/AVR8/Endpoint_AVR8.o
                0x000007c6                Endpoint_WaitUntilReady
 .text.USB_ResetInterface
                0x00000828       0x86 ../../LUFA/Drivers/USB/Core/AVR8/USBController_AVR8.o
                0x00000828                USB_ResetInterface
 .text.USB_Init
                0x000008ae       0x16 ../../LUFA/Drivers/USB/Core/AVR8/USBController_AVR8.o
                0x000008ae                USB_Init
 .text.USB_INT_DisableAllInterrupts
                0x000008c4       0x10 ../../LUFA/Drivers/USB/Core/AVR8/USBInterrupt_AVR8.o
                0x000008c4                USB_INT_DisableAllInterrupts
 .text.USB_INT_ClearAllInterrupts
                0x000008d4        0xa ../../LUFA/Drivers/USB/Core/AVR8/USBInterrupt_AVR8.o
                0x000008d4                USB_INT_ClearAllInterrupts
 .text.__vector_11
                0x000008de       0x72 ../../LUFA/Drivers/USB/Core/AVR8/USBInterrupt_AVR8.o
                0x000008de                __vector_11
 .text.__vector_10
                0x00000950      0x18c ../../LUFA/Drivers/USB/Core/AVR8/USBInterrupt_AVR8.o
                0x00000950                __vector_10
 .text.Endpoint_Write_Control_Stream_LE
                0x00000adc       0xc8 ../../LUFA/Drivers/USB/Core/AVR8/EndpointStream_AVR8.o
                0x00000adc                Endpoint_Write_Control_Stream_LE
 .text.Endpoint_Read_Control_Stream_LE
                0x00000ba4       0x88 ../../LUFA/Drivers/USB/Core/AVR8/EndpointStream_AVR8.o
                0x00000ba4                Endpoint_Read_Control_Stream_LE
 .text.Endpoint_Write_Control_PStream_LE
                0x00000c2c       0xcc ../../LUFA/Drivers/USB/Core/AVR8/EndpointStream_AVR8.o
                0x00000c2c                Endpoint_Write_Control_PStream_LE
 .text.USB_Device_ProcessControlRequest
                0x00000cf8      0x304 ../../LUFA/Drivers/USB/Core/DeviceStandardReq.o
                0x00000cf8                USB_Device_ProcessControlRequest
 .text.USB_Event_Stub
                0x00000ffc        0x2 ../../LUFA/Drivers/USB/Core/Events.o
                0x00000ffc                EVENT_USB_Device_WakeUp
                0x00000ffc                USB_Event_Stub
                0x00000ffc                EVENT_USB_Device_Suspend
                0x00000ffc                EVENT_USB_Device_StartOfFrame
                0x00000ffc                EVENT_USB_Device_Reset
 .text.USB_USBTask
                0x00000ffe       0x24 ../../LUFA/Drivers/USB/Core/USBTask.o
                0x00000ffe                USB_USBTask
 .text.CDC_Device_ReceiveByte
                0x00001022       0x74 ../../LUFA/Drivers/USB/Class/Device/CDC.o
                0x00001022                CDC_Device_ReceiveByte
 .text.CDC_Device_Event_Stub
                0x00001096        0x2 ../../LUFA/Drivers/USB/Class/Device/CDC.o
                0x00001096                EVENT_CDC_Device_ControLineStateChanged
                0x00001096                EVENT_CDC_Device_BreakSent
                0x00001096                CDC_Device_Event_Stub
 .text.CDC_Device_Flush
                0x00001098       0x64 ../../LUFA/Drivers/USB/Class/Device/CDC.o
                0x00001098                CDC_Device_Flush
 .text.CDC_Device_USBTask
                0x000010fc       0x1e ../../LUFA/Drivers/USB/Class/Device/CDC.o
                0x000010fc                CDC_Device_USBTask
 .text.CDC_Device_SendByte
                0x0000111a       0x48 ../../LUFA/Drivers/USB/Class/Device/CDC.o
                0x0000111a                CDC_Device_SendByte
 .text.CDC_Device_ConfigureEndpoints
                0x00001162       0x92 ../../LUFA/Drivers/USB/Class/Device/CDC.o
                0x00001162                CDC_Device_ConfigureEndpoints
 .text.CDC_Device_ProcessControlRequest
                0x000011f4       0xdc ../../LUFA/Drivers/USB/Class/Device/CDC.o
                0x000011f4                CDC_Device_ProcessControlRequest
 .text.avr-libc
                0x000012d0      0x258 /usr/lib/gcc/avr/4.3.4/../../../avr/lib/avr5/libc.a(strtol.o)
                0x000012d0                strtol
 .text.avr-libc
                0x00001528       0x16 /usr/lib/gcc/avr/4.3.4/../../../avr/lib/avr5/libc.a(isxdigit.o)
                0x00001528                isxdigit
 .text.avr-libc
                0x0000153e       0x10 /usr/lib/gcc/avr/4.3.4/../../../avr/lib/avr5/libc.a(isspace.o)
                0x0000153e                isspace
 .text.avr-libc
                0x0000154e        0x6 /usr/lib/gcc/avr/4.3.4/../../../avr/lib/avr5/libc.a(cty_isfalse.o)
                0x0000154e                __ctype_isfalse
                0x00001552                __ctype_istrue
 .text.libgcc   0x00001554       0x3e /usr/lib/gcc/avr/4.3.4/avr5/libgcc.a(_mulsi3.o)
                0x00001554                __mulsi3
 .text.libgcc   0x00001592       0x44 /usr/lib/gcc/avr/4.3.4/avr5/libgcc.a(_udivmodsi4.o)
                0x00001592                __udivmodsi4
                0x000015d6                . = ALIGN (0x2)
 *(.fini9)
 .fini9         0x000015d6        0x0 /usr/lib/gcc/avr/4.3.4/avr5/libgcc.a(_exit.o)
                0x000015d6                exit
                0x000015d6                _exit
 *(.fini9)
 *(.fini8)
 *(.fini8)
 *(.fini7)
 *(.fini7)
 *(.fini6)
 *(.fini6)
 *(.fini5)
 *(.fini5)
 *(.fini4)
 *(.fini4)
 *(.fini3)
 *(.fini3)
 *(.fini2)
 *(.fini2)
 *(.fini1)
 *(.fini1)
 *(.fini0)
 .fini0         0x000015d6        0x4 /usr/lib/gcc/avr/4.3.4/avr5/libgcc.a(_exit.o)
 *(.fini0)
                0x000015da                _etext = .

.data           0x00800100       0x16 load address 0x000015da
                0x00800100                PROVIDE (__data_start, .)
 *(.data)
 .data          0x00800100       0x16 PowCap.o
                0x00800100                VirtualSerial_CDC_Interface
 *(.data*)
 *(.rodata)
 *(.rodata*)
 *(.gnu.linkonce.d*)
                0x00800116                . = ALIGN (0x2)
                0x00800116                _edata = .
                0x00800116                PROVIDE (__data_end, .)

.bss            0x00800116       0xb3
                0x00800116                PROVIDE (__bss_start, .)
 *(.bss)
 .bss           0x00800116       0x8b PowCap.o
 *(.bss*)
 *(COMMON)
 COMMON         0x008001a1       0x1a PowCap.o
                0x008001a1                FSM_State
                0x008001a2                cb_command
                0x008001b6                cmd
 COMMON         0x008001bb        0x3 ../../LUFA/Drivers/USB/Core/DeviceStandardReq.o
                0x008001bb                USB_CurrentlySelfPowered
                0x008001bc                USB_RemoteWakeupEnabled
                0x008001bd                USB_ConfigurationNumber
 COMMON         0x008001be        0x9 ../../LUFA/Drivers/USB/Core/USBTask.o
                0x008001be                USB_IsInitialized
                0x008001bf                USB_ControlRequest
 COMMON         0x008001c7        0x2 /usr/lib/gcc/avr/4.3.4/../../../avr/lib/avr5/libc.a(errno.o)
                0x008001c7                errno
                0x008001c9                PROVIDE (__bss_end, .)
                0x000015da                __data_load_start = LOADADDR (.data)
                0x000015f0                __data_load_end = (__data_load_start + SIZEOF (.data))

.noinit         0x008001c9        0x0
                0x008001c9                PROVIDE (__noinit_start, .)
 *(.noinit*)
                0x008001c9                PROVIDE (__noinit_end, .)
                0x008001c9                _end = .
                0x008001c9                PROVIDE (__heap_start, .)

.eeprom         0x00810000        0x0
 *(.eeprom*)
                0x00810000                __eeprom_end = .

.fuse
 *(.fuse)
 *(.lfuse)
 *(.hfuse)
 *(.efuse)

.lock
 *(.lock*)

.signature
 *(.signature*)

.stab           0x00000000     0x1128
 *(.stab)
 .stab          0x00000000      0x6b4 /usr/lib/gcc/avr/4.3.4/../../../avr/lib/avr5/crtm32u4.o
 .stab          0x000006b4      0x3fc /usr/lib/gcc/avr/4.3.4/../../../avr/lib/avr5/libc.a(strtol.o)
                                0x408 (size before relaxing)
 .stab          0x00000ab0       0xc0 /usr/lib/gcc/avr/4.3.4/../../../avr/lib/avr5/libc.a(isxdigit.o)
                                 0xcc (size before relaxing)
 .stab          0x00000b70       0x9c /usr/lib/gcc/avr/4.3.4/../../../avr/lib/avr5/libc.a(isspace.o)
                                 0xa8 (size before relaxing)
 .stab          0x00000c0c       0x84 /usr/lib/gcc/avr/4.3.4/../../../avr/lib/avr5/libc.a(memcpy_P.o)
                                 0x90 (size before relaxing)
 .stab          0x00000c90       0xb4 /usr/lib/gcc/avr/4.3.4/../../../avr/lib/avr5/libc.a(memcmp.o)
                                 0xc0 (size before relaxing)
 .stab          0x00000d44       0x84 /usr/lib/gcc/avr/4.3.4/../../../avr/lib/avr5/libc.a(memcpy.o)
                                 0x90 (size before relaxing)
 .stab          0x00000dc8       0x6c /usr/lib/gcc/avr/4.3.4/../../../avr/lib/avr5/libc.a(memset.o)
                                 0x78 (size before relaxing)
 .stab          0x00000e34       0x90 /usr/lib/gcc/avr/4.3.4/../../../avr/lib/avr5/libc.a(eerd_byte_atmega32u4.o)
                                 0x9c (size before relaxing)
 .stab          0x00000ec4      0x114 /usr/lib/gcc/avr/4.3.4/../../../avr/lib/avr5/libc.a(eeupd_byte_atmega32u4.o)
                                0x120 (size before relaxing)
 .stab          0x00000fd8       0xf0 /usr/lib/gcc/avr/4.3.4/../../../avr/lib/avr5/libc.a(errno.o)
                                 0xfc (size before relaxing)
 .stab          0x000010c8       0x60 /usr/lib/gcc/avr/4.3.4/../../../avr/lib/avr5/libc.a(cty_isfalse.o)
                                 0x6c (size before relaxing)

.stabstr        0x00000000      0x66b
 *(.stabstr)
 .stabstr       0x00000000      0x66b /usr/lib/gcc/avr/4.3.4/../../../avr/lib/avr5/crtm32u4.o

.stab.excl
 *(.stab.excl)

.stab.exclstr
 *(.stab.exclstr)

.stab.index
 *(.stab.index)

.stab.indexstr
 *(.stab.indexstr)

.comment
 *(.comment)

.debug
 *(.debug)

.line
 *(.line)

.debug_srcinfo
 *(.debug_srcinfo)

.debug_sfnames
 *(.debug_sfnames)

.debug_aranges  0x00000000      0x568
 *(.debug_aranges)
 .debug_aranges
                0x00000000       0x50 PowCap.o
 .debug_aranges
                0x00000050       0x20 Descriptors.o
 .debug_aranges
                0x00000070       0x28 SPI.o
 .debug_aranges
                0x00000098       0x20 filters.o
 .debug_aranges
                0x000000b8       0x60 FSM.o
 .debug_aranges
                0x00000118       0x48 commands.o
 .debug_aranges
                0x00000160       0x20 ../../LUFA/Drivers/USB/Core/AVR8/Device_AVR8.o
 .debug_aranges
                0x00000180       0x38 ../../LUFA/Drivers/USB/Core/AVR8/Endpoint_AVR8.o
 .debug_aranges
                0x000001b8       0x30 ../../LUFA/Drivers/USB/Core/AVR8/USBController_AVR8.o
 .debug_aranges
                0x000001e8       0x38 ../../LUFA/Drivers/USB/Core/AVR8/USBInterrupt_AVR8.o
 .debug_aranges
                0x00000220       0xc8 ../../LUFA/Drivers/USB/Core/AVR8/EndpointStream_AVR8.o
 .debug_aranges
                0x000002e8       0x38 ../../LUFA/Drivers/USB/Core/ConfigDescriptor.o
 .debug_aranges
                0x00000320       0x20 ../../LUFA/Drivers/USB/Core/DeviceStandardReq.o
 .debug_aranges
                0x00000340       0x20 ../../LUFA/Drivers/USB/Core/Events.o
 .debug_aranges
                0x00000360       0x20 ../../LUFA/Drivers/USB/Core/USBTask.o
 .debug_aranges
                0x00000380       0x38 ../../LUFA/Drivers/USB/Class/Common/HIDParser.o
 .debug_aranges
                0x000003b8       0x30 ../../LUFA/Drivers/USB/Class/Device/Audio.o
 .debug_aranges
                0x000003e8       0x98 ../../LUFA/Drivers/USB/Class/Device/CDC.o
 .debug_aranges
                0x00000480       0x30 ../../LUFA/Drivers/USB/Class/Device/HID.o
 .debug_aranges
                0x000004b0       0x30 ../../LUFA/Drivers/USB/Class/Device/MassStorage.o
 .debug_aranges
                0x000004e0       0x40 ../../LUFA/Drivers/USB/Class/Device/MIDI.o
 .debug_aranges
                0x00000520       0x48 ../../LUFA/Drivers/USB/Class/Device/RNDIS.o

.debug_pubnames
                0x00000000      0xe46
 *(.debug_pubnames)
 .debug_pubnames
                0x00000000      0x126 PowCap.o
 .debug_pubnames
                0x00000126       0x9e Descriptors.o
 .debug_pubnames
                0x000001c4       0x3b SPI.o
 .debug_pubnames
                0x000001ff       0x29 filters.o
 .debug_pubnames
                0x00000228       0xcf FSM.o
 .debug_pubnames
                0x000002f7       0x8b commands.o
 .debug_pubnames
                0x00000382       0x32 ../../LUFA/Drivers/USB/Core/AVR8/Device_AVR8.o
 .debug_pubnames
                0x000003b4       0x8b ../../LUFA/Drivers/USB/Core/AVR8/Endpoint_AVR8.o
 .debug_pubnames
                0x0000043f       0x46 ../../LUFA/Drivers/USB/Core/AVR8/USBController_AVR8.o
 .debug_pubnames
                0x00000485       0x72 ../../LUFA/Drivers/USB/Core/AVR8/USBInterrupt_AVR8.o
 .debug_pubnames
                0x000004f7      0x2df ../../LUFA/Drivers/USB/Core/AVR8/EndpointStream_AVR8.o
 .debug_pubnames
                0x000007d6       0x9b ../../LUFA/Drivers/USB/Core/ConfigDescriptor.o
 .debug_pubnames
                0x00000871       0x8c ../../LUFA/Drivers/USB/Core/DeviceStandardReq.o
 .debug_pubnames
                0x000008fd       0x25 ../../LUFA/Drivers/USB/Core/Events.o
 .debug_pubnames
                0x00000922       0x4f ../../LUFA/Drivers/USB/Core/USBTask.o
 .debug_pubnames
                0x00000971       0x7e ../../LUFA/Drivers/USB/Class/Common/HIDParser.o
 .debug_pubnames
                0x000009ef       0x79 ../../LUFA/Drivers/USB/Class/Device/Audio.o
 .debug_pubnames
                0x00000a68      0x18b ../../LUFA/Drivers/USB/Class/Device/CDC.o
 .debug_pubnames
                0x00000bf3       0x70 ../../LUFA/Drivers/USB/Class/Device/HID.o
 .debug_pubnames
                0x00000c63       0x6d ../../LUFA/Drivers/USB/Class/Device/MassStorage.o
 .debug_pubnames
                0x00000cd0       0xa6 ../../LUFA/Drivers/USB/Class/Device/MIDI.o
 .debug_pubnames
                0x00000d76       0xd0 ../../LUFA/Drivers/USB/Class/Device/RNDIS.o

.debug_info     0x00000000     0x8a65
 *(.debug_info)
 .debug_info    0x00000000      0xa1c PowCap.o
 .debug_info    0x00000a1c      0x683 Descriptors.o
 .debug_info    0x0000109f       0xa3 SPI.o
 .debug_info    0x00001142       0x76 filters.o
 .debug_info    0x000011b8      0x30d FSM.o
 .debug_info    0x000014c5      0x3b7 commands.o
 .debug_info    0x0000187c       0xc4 ../../LUFA/Drivers/USB/Core/AVR8/Device_AVR8.o
 .debug_info    0x00001940      0x3cb ../../LUFA/Drivers/USB/Core/AVR8/Endpoint_AVR8.o
 .debug_info    0x00001d0b        0x0 ../../LUFA/Drivers/USB/Core/AVR8/Host_AVR8.o
 .debug_info    0x00001d0b        0x0 ../../LUFA/Drivers/USB/Core/AVR8/Pipe_AVR8.o
 .debug_info    0x00001d0b      0x4ad ../../LUFA/Drivers/USB/Core/AVR8/USBController_AVR8.o
 .debug_info    0x000021b8      0x66f ../../LUFA/Drivers/USB/Core/AVR8/USBInterrupt_AVR8.o
 .debug_info    0x00002827     0x1569 ../../LUFA/Drivers/USB/Core/AVR8/EndpointStream_AVR8.o
 .debug_info    0x00003d90        0x0 ../../LUFA/Drivers/USB/Core/AVR8/PipeStream_AVR8.o
 .debug_info    0x00003d90      0x34e ../../LUFA/Drivers/USB/Core/ConfigDescriptor.o
 .debug_info    0x000040de      0xa6a ../../LUFA/Drivers/USB/Core/DeviceStandardReq.o
 .debug_info    0x00004b48       0x79 ../../LUFA/Drivers/USB/Core/Events.o
 .debug_info    0x00004bc1        0x0 ../../LUFA/Drivers/USB/Core/HostStandardReq.o
 .debug_info    0x00004bc1      0x224 ../../LUFA/Drivers/USB/Core/USBTask.o
 .debug_info    0x00004de5      0x6f5 ../../LUFA/Drivers/USB/Class/Common/HIDParser.o
 .debug_info    0x000054da      0x558 ../../LUFA/Drivers/USB/Class/Device/Audio.o
 .debug_info    0x00005a32      0xbb9 ../../LUFA/Drivers/USB/Class/Device/CDC.o
 .debug_info    0x000065eb      0x667 ../../LUFA/Drivers/USB/Class/Device/HID.o
 .debug_info    0x00006c52      0x8c3 ../../LUFA/Drivers/USB/Class/Device/MassStorage.o
 .debug_info    0x00007515      0x5ae ../../LUFA/Drivers/USB/Class/Device/MIDI.o
 .debug_info    0x00007ac3      0xfa2 ../../LUFA/Drivers/USB/Class/Device/RNDIS.o
 .debug_info    0x00008a65        0x0 ../../LUFA/Drivers/USB/Class/Host/Audio.o
 .debug_info    0x00008a65        0x0 ../../LUFA/Drivers/USB/Class/Host/CDC.o
 .debug_info    0x00008a65        0x0 ../../LUFA/Drivers/USB/Class/Host/HID.o
 .debug_info    0x00008a65        0x0 ../../LUFA/Drivers/USB/Class/Host/MassStorage.o
 .debug_info    0x00008a65        0x0 ../../LUFA/Drivers/USB/Class/Host/MIDI.o
 .debug_info    0x00008a65        0x0 ../../LUFA/Drivers/USB/Class/Host/Printer.o
 .debug_info    0x00008a65        0x0 ../../LUFA/Drivers/USB/Class/Host/RNDIS.o
 .debug_info    0x00008a65        0x0 ../../LUFA/Drivers/USB/Class/Host/StillImage.o
 *(.gnu.linkonce.wi.*)

.debug_abbrev   0x00000000     0x2469
 *(.debug_abbrev)
 .debug_abbrev  0x00000000      0x323 PowCap.o
 .debug_abbrev  0x00000323      0x158 Descriptors.o
 .debug_abbrev  0x0000047b       0x67 SPI.o
 .debug_abbrev  0x000004e2       0x41 filters.o
 .debug_abbrev  0x00000523      0x170 FSM.o
 .debug_abbrev  0x00000693      0x16e commands.o
 .debug_abbrev  0x00000801       0x79 ../../LUFA/Drivers/USB/Core/AVR8/Device_AVR8.o
 .debug_abbrev  0x0000087a      0x179 ../../LUFA/Drivers/USB/Core/AVR8/Endpoint_AVR8.o
 .debug_abbrev  0x000009f3        0x1 ../../LUFA/Drivers/USB/Core/AVR8/Host_AVR8.o
 .debug_abbrev  0x000009f4        0x1 ../../LUFA/Drivers/USB/Core/AVR8/Pipe_AVR8.o
 .debug_abbrev  0x000009f5      0x18a ../../LUFA/Drivers/USB/Core/AVR8/USBController_AVR8.o
 .debug_abbrev  0x00000b7f      0x1d5 ../../LUFA/Drivers/USB/Core/AVR8/USBInterrupt_AVR8.o
 .debug_abbrev  0x00000d54      0x1a3 ../../LUFA/Drivers/USB/Core/AVR8/EndpointStream_AVR8.o
 .debug_abbrev  0x00000ef7        0x1 ../../LUFA/Drivers/USB/Core/AVR8/PipeStream_AVR8.o
 .debug_abbrev  0x00000ef8      0x15c ../../LUFA/Drivers/USB/Core/ConfigDescriptor.o
 .debug_abbrev  0x00001054      0x27c ../../LUFA/Drivers/USB/Core/DeviceStandardReq.o
 .debug_abbrev  0x000012d0       0x4a ../../LUFA/Drivers/USB/Core/Events.o
 .debug_abbrev  0x0000131a        0x1 ../../LUFA/Drivers/USB/Core/HostStandardReq.o
 .debug_abbrev  0x0000131b      0x15d ../../LUFA/Drivers/USB/Core/USBTask.o
 .debug_abbrev  0x00001478      0x1e7 ../../LUFA/Drivers/USB/Class/Common/HIDParser.o
 .debug_abbrev  0x0000165f      0x1e3 ../../LUFA/Drivers/USB/Class/Device/Audio.o
 .debug_abbrev  0x00001842      0x2ee ../../LUFA/Drivers/USB/Class/Device/CDC.o
 .debug_abbrev  0x00001b30      0x206 ../../LUFA/Drivers/USB/Class/Device/HID.o
 .debug_abbrev  0x00001d36      0x244 ../../LUFA/Drivers/USB/Class/Device/MassStorage.o
 .debug_abbrev  0x00001f7a      0x215 ../../LUFA/Drivers/USB/Class/Device/MIDI.o
 .debug_abbrev  0x0000218f      0x2d2 ../../LUFA/Drivers/USB/Class/Device/RNDIS.o
 .debug_abbrev  0x00002461        0x1 ../../LUFA/Drivers/USB/Class/Host/Audio.o
 .debug_abbrev  0x00002462        0x1 ../../LUFA/Drivers/USB/Class/Host/CDC.o
 .debug_abbrev  0x00002463        0x1 ../../LUFA/Drivers/USB/Class/Host/HID.o
 .debug_abbrev  0x00002464        0x1 ../../LUFA/Drivers/USB/Class/Host/MassStorage.o
 .debug_abbrev  0x00002465        0x1 ../../LUFA/Drivers/USB/Class/Host/MIDI.o
 .debug_abbrev  0x00002466        0x1 ../../LUFA/Drivers/USB/Class/Host/Printer.o
 .debug_abbrev  0x00002467        0x1 ../../LUFA/Drivers/USB/Class/Host/RNDIS.o
 .debug_abbrev  0x00002468        0x1 ../../LUFA/Drivers/USB/Class/Host/StillImage.o

.debug_line     0x00000000     0x6893
 *(.debug_line)
 .debug_line    0x00000000      0x5a9 PowCap.o
 .debug_line    0x000005a9      0x17f Descriptors.o
 .debug_line    0x00000728       0xae SPI.o
 .debug_line    0x000007d6       0x90 filters.o
 .debug_line    0x00000866      0x2cd FSM.o
 .debug_line    0x00000b33      0x331 commands.o
 .debug_line    0x00000e64      0x12a ../../LUFA/Drivers/USB/Core/AVR8/Device_AVR8.o
 .debug_line    0x00000f8e      0x3db ../../LUFA/Drivers/USB/Core/AVR8/Endpoint_AVR8.o
 .debug_line    0x00001369       0x24 ../../LUFA/Drivers/USB/Core/AVR8/Host_AVR8.o
 .debug_line    0x0000138d       0x24 ../../LUFA/Drivers/USB/Core/AVR8/Pipe_AVR8.o
 .debug_line    0x000013b1      0x35b ../../LUFA/Drivers/USB/Core/AVR8/USBController_AVR8.o
 .debug_line    0x0000170c      0x5ff ../../LUFA/Drivers/USB/Core/AVR8/USBInterrupt_AVR8.o
 .debug_line    0x00001d0b     0x1771 ../../LUFA/Drivers/USB/Core/AVR8/EndpointStream_AVR8.o
 .debug_line    0x0000347c       0x24 ../../LUFA/Drivers/USB/Core/AVR8/PipeStream_AVR8.o
 .debug_line    0x000034a0      0x240 ../../LUFA/Drivers/USB/Core/ConfigDescriptor.o
 .debug_line    0x000036e0      0x648 ../../LUFA/Drivers/USB/Core/DeviceStandardReq.o
 .debug_line    0x00003d28       0x83 ../../LUFA/Drivers/USB/Core/Events.o
 .debug_line    0x00003dab       0x24 ../../LUFA/Drivers/USB/Core/HostStandardReq.o
 .debug_line    0x00003dcf      0x1ad ../../LUFA/Drivers/USB/Core/USBTask.o
 .debug_line    0x00003f7c      0x59b ../../LUFA/Drivers/USB/Class/Common/HIDParser.o
 .debug_line    0x00004517      0x447 ../../LUFA/Drivers/USB/Class/Device/Audio.o
 .debug_line    0x0000495e      0x830 ../../LUFA/Drivers/USB/Class/Device/CDC.o
 .debug_line    0x0000518e      0x50c ../../LUFA/Drivers/USB/Class/Device/HID.o
 .debug_line    0x0000569a      0x5ce ../../LUFA/Drivers/USB/Class/Device/MassStorage.o
 .debug_line    0x00005c68      0x3a5 ../../LUFA/Drivers/USB/Class/Device/MIDI.o
 .debug_line    0x0000600d      0x766 ../../LUFA/Drivers/USB/Class/Device/RNDIS.o
 .debug_line    0x00006773       0x24 ../../LUFA/Drivers/USB/Class/Host/Audio.o
 .debug_line    0x00006797       0x24 ../../LUFA/Drivers/USB/Class/Host/CDC.o
 .debug_line    0x000067bb       0x24 ../../LUFA/Drivers/USB/Class/Host/HID.o
 .debug_line    0x000067df       0x24 ../../LUFA/Drivers/USB/Class/Host/MassStorage.o
 .debug_line    0x00006803       0x24 ../../LUFA/Drivers/USB/Class/Host/MIDI.o
 .debug_line    0x00006827       0x24 ../../LUFA/Drivers/USB/Class/Host/Printer.o
 .debug_line    0x0000684b       0x24 ../../LUFA/Drivers/USB/Class/Host/RNDIS.o
 .debug_line    0x0000686f       0x24 ../../LUFA/Drivers/USB/Class/Host/StillImage.o

.debug_frame    0x00000000      0x810
 *(.debug_frame)
 .debug_frame   0x00000000       0x80 PowCap.o
 .debug_frame   0x00000080       0x20 Descriptors.o
 .debug_frame   0x000000a0       0x30 SPI.o
 .debug_frame   0x000000d0       0x20 filters.o
 .debug_frame   0x000000f0       0xa0 FSM.o
 .debug_frame   0x00000190       0x70 commands.o
 .debug_frame   0x00000200       0x20 ../../LUFA/Drivers/USB/Core/AVR8/Device_AVR8.o
 .debug_frame   0x00000220       0x50 ../../LUFA/Drivers/USB/Core/AVR8/Endpoint_AVR8.o
 .debug_frame   0x00000270       0x40 ../../LUFA/Drivers/USB/Core/AVR8/USBController_AVR8.o
 .debug_frame   0x000002b0       0x50 ../../LUFA/Drivers/USB/Core/AVR8/USBInterrupt_AVR8.o
 .debug_frame   0x00000300      0x170 ../../LUFA/Drivers/USB/Core/AVR8/EndpointStream_AVR8.o
 .debug_frame   0x00000470       0x50 ../../LUFA/Drivers/USB/Core/ConfigDescriptor.o
 .debug_frame   0x000004c0       0x20 ../../LUFA/Drivers/USB/Core/DeviceStandardReq.o
 .debug_frame   0x000004e0       0x20 ../../LUFA/Drivers/USB/Core/Events.o
 .debug_frame   0x00000500       0x20 ../../LUFA/Drivers/USB/Core/USBTask.o
 .debug_frame   0x00000520       0x50 ../../LUFA/Drivers/USB/Class/Common/HIDParser.o
 .debug_frame   0x00000570       0x40 ../../LUFA/Drivers/USB/Class/Device/Audio.o
 .debug_frame   0x000005b0      0x110 ../../LUFA/Drivers/USB/Class/Device/CDC.o
 .debug_frame   0x000006c0       0x40 ../../LUFA/Drivers/USB/Class/Device/HID.o
 .debug_frame   0x00000700       0x40 ../../LUFA/Drivers/USB/Class/Device/MassStorage.o
 .debug_frame   0x00000740       0x60 ../../LUFA/Drivers/USB/Class/Device/MIDI.o
 .debug_frame   0x000007a0       0x70 ../../LUFA/Drivers/USB/Class/Device/RNDIS.o

.debug_str      0x00000000     0x341a
 *(.debug_str)
 .debug_str     0x00000000      0x61e PowCap.o
                                0x691 (size before relaxing)
 .debug_str     0x0000061e      0x532 Descriptors.o
                                0x65f (size before relaxing)
 .debug_str     0x00000b50       0x2d SPI.o
                                 0xd8 (size before relaxing)
 .debug_str     0x00000b7d       0x1d filters.o
                                 0xc3 (size before relaxing)
 .debug_str     0x00000b9a       0x81 FSM.o
                                0x197 (size before relaxing)
 .debug_str     0x00000c1b       0x57 commands.o
                                0x17d (size before relaxing)
 .debug_str     0x00000c72       0x77 ../../LUFA/Drivers/USB/Core/AVR8/Device_AVR8.o
                                0x123 (size before relaxing)
 .debug_str     0x00000ce9      0x2da ../../LUFA/Drivers/USB/Core/AVR8/Endpoint_AVR8.o
                                0x47f (size before relaxing)
 .debug_str     0x00000fc3      0x28c ../../LUFA/Drivers/USB/Core/AVR8/USBController_AVR8.o
                                0x417 (size before relaxing)
 .debug_str     0x0000124f      0x13c ../../LUFA/Drivers/USB/Core/AVR8/USBInterrupt_AVR8.o
                                0x40c (size before relaxing)
 .debug_str     0x0000138b      0x4fd ../../LUFA/Drivers/USB/Core/AVR8/EndpointStream_AVR8.o
                                0x741 (size before relaxing)
 .debug_str     0x00001888      0x21c ../../LUFA/Drivers/USB/Core/ConfigDescriptor.o
                                0x2f0 (size before relaxing)
 .debug_str     0x00001aa4      0x378 ../../LUFA/Drivers/USB/Core/DeviceStandardReq.o
                                0x806 (size before relaxing)
 .debug_str     0x00001e1c       0x34 ../../LUFA/Drivers/USB/Core/Events.o
                                 0xda (size before relaxing)
 .debug_str     0x00001e50       0x4e ../../LUFA/Drivers/USB/Core/USBTask.o
                                0x26a (size before relaxing)
 .debug_str     0x00001e9e      0x481 ../../LUFA/Drivers/USB/Class/Common/HIDParser.o
                                0x5c8 (size before relaxing)
 .debug_str     0x0000231f      0x22e ../../LUFA/Drivers/USB/Class/Device/Audio.o
                                0x54c (size before relaxing)
 .debug_str     0x0000254d      0x2b5 ../../LUFA/Drivers/USB/Class/Device/CDC.o
                                0x971 (size before relaxing)
 .debug_str     0x00002802      0x20b ../../LUFA/Drivers/USB/Class/Device/HID.o
                                0x573 (size before relaxing)
 .debug_str     0x00002a0d      0x220 ../../LUFA/Drivers/USB/Class/Device/MassStorage.o
                                0x737 (size before relaxing)
 .debug_str     0x00002c2d      0x110 ../../LUFA/Drivers/USB/Class/Device/MIDI.o
                                0x5d6 (size before relaxing)
 .debug_str     0x00002d3d      0x6dd ../../LUFA/Drivers/USB/Class/Device/RNDIS.o
                                0xccd (size before relaxing)

.debug_loc      0x00000000     0x387e
 *(.debug_loc)
 .debug_loc     0x00000000      0x1b5 PowCap.o
 .debug_loc     0x000001b5      0x160 Descriptors.o
 .debug_loc     0x00000315      0x198 FSM.o
 .debug_loc     0x000004ad       0xf0 commands.o
 .debug_loc     0x0000059d       0x74 ../../LUFA/Drivers/USB/Core/AVR8/Endpoint_AVR8.o
 .debug_loc     0x00000611       0x13 ../../LUFA/Drivers/USB/Core/AVR8/USBController_AVR8.o
 .debug_loc     0x00000624       0x13 ../../LUFA/Drivers/USB/Core/AVR8/USBInterrupt_AVR8.o
 .debug_loc     0x00000637     0x1886 ../../LUFA/Drivers/USB/Core/AVR8/EndpointStream_AVR8.o
 .debug_loc     0x00001ebd      0x2c7 ../../LUFA/Drivers/USB/Core/ConfigDescriptor.o
 .debug_loc     0x00002184      0x224 ../../LUFA/Drivers/USB/Core/DeviceStandardReq.o
 .debug_loc     0x000023a8      0x477 ../../LUFA/Drivers/USB/Class/Common/HIDParser.o
 .debug_loc     0x0000281f      0x159 ../../LUFA/Drivers/USB/Class/Device/Audio.o
 .debug_loc     0x00002978      0x512 ../../LUFA/Drivers/USB/Class/Device/CDC.o
 .debug_loc     0x00002e8a      0x16c ../../LUFA/Drivers/USB/Class/Device/HID.o
 .debug_loc     0x00002ff6      0x11a ../../LUFA/Drivers/USB/Class/Device/MassStorage.o
 .debug_loc     0x00003110      0x23c ../../LUFA/Drivers/USB/Class/Device/MIDI.o
 .debug_loc     0x0000334c      0x532 ../../LUFA/Drivers/USB/Class/Device/RNDIS.o

.debug_macinfo
 *(.debug_macinfo)
OUTPUT(PowCap.elf elf32-avr)
LOAD linker stubs

.debug_ranges   0x00000000      0x680
 .debug_ranges  0x00000000       0x90 PowCap.o
 .debug_ranges  0x00000090       0x18 Descriptors.o
 .debug_ranges  0x000000a8       0x20 SPI.o
 .debug_ranges  0x000000c8       0x18 filters.o
 .debug_ranges  0x000000e0       0x58 FSM.o
 .debug_ranges  0x00000138       0x40 commands.o
 .debug_ranges  0x00000178       0x18 ../../LUFA/Drivers/USB/Core/AVR8/Device_AVR8.o
 .debug_ranges  0x00000190       0x30 ../../LUFA/Drivers/USB/Core/AVR8/Endpoint_AVR8.o
 .debug_ranges  0x000001c0       0x28 ../../LUFA/Drivers/USB/Core/AVR8/USBController_AVR8.o
 .debug_ranges  0x000001e8       0x30 ../../LUFA/Drivers/USB/Core/AVR8/USBInterrupt_AVR8.o
 .debug_ranges  0x00000218       0xc0 ../../LUFA/Drivers/USB/Core/AVR8/EndpointStream_AVR8.o
 .debug_ranges  0x000002d8       0x30 ../../LUFA/Drivers/USB/Core/ConfigDescriptor.o
 .debug_ranges  0x00000308       0x78 ../../LUFA/Drivers/USB/Core/DeviceStandardReq.o
 .debug_ranges  0x00000380       0x18 ../../LUFA/Drivers/USB/Core/Events.o
 .debug_ranges  0x00000398       0x30 ../../LUFA/Drivers/USB/Core/USBTask.o
 .debug_ranges  0x000003c8       0xa0 ../../LUFA/Drivers/USB/Class/Common/HIDParser.o
 .debug_ranges  0x00000468       0x28 ../../LUFA/Drivers/USB/Class/Device/Audio.o
 .debug_ranges  0x00000490       0x90 ../../LUFA/Drivers/USB/Class/Device/CDC.o
 .debug_ranges  0x00000520       0x28 ../../LUFA/Drivers/USB/Class/Device/HID.o
 .debug_ranges  0x00000548       0x78 ../../LUFA/Drivers/USB/Class/Device/MassStorage.o
 .debug_ranges  0x000005c0       0x38 ../../LUFA/Drivers/USB/Class/Device/MIDI.o
 .debug_ranges  0x000005f8       0x88 ../../LUFA/Drivers/USB/Class/Device/RNDIS.o

Cross Reference Table

Symbol                                            File
Audio_Device_ConfigureEndpoints                   ../../LUFA/Drivers/USB/Class/Device/Audio.o
Audio_Device_Event_Stub                           ../../LUFA/Drivers/USB/Class/Device/Audio.o
Audio_Device_ProcessControlRequest                ../../LUFA/Drivers/USB/Class/Device/Audio.o
CALLBACK_Audio_GetSetEndpointProperty             ../../LUFA/Drivers/USB/Class/Device/Audio.o
CALLBACK_HIDParser_FilterHIDReportItem            ../../LUFA/Drivers/USB/Class/Common/HIDParser.o
CALLBACK_HID_Device_CreateHIDReport               ../../LUFA/Drivers/USB/Class/Device/HID.o
CALLBACK_HID_Device_ProcessHIDReport              ../../LUFA/Drivers/USB/Class/Device/HID.o
CALLBACK_MS_Device_SCSICommandReceived            ../../LUFA/Drivers/USB/Class/Device/MassStorage.o
CALLBACK_USB_GetDescriptor                        Descriptors.o
                                                  ../../LUFA/Drivers/USB/Core/DeviceStandardReq.o
CDC_Device_BytesReceived                          ../../LUFA/Drivers/USB/Class/Device/CDC.o
CDC_Device_ConfigureEndpoints                     ../../LUFA/Drivers/USB/Class/Device/CDC.o
                                                  PowCap.o
CDC_Device_CreateBlockingStream                   ../../LUFA/Drivers/USB/Class/Device/CDC.o
CDC_Device_CreateStream                           ../../LUFA/Drivers/USB/Class/Device/CDC.o
CDC_Device_Event_Stub                             ../../LUFA/Drivers/USB/Class/Device/CDC.o
CDC_Device_Flush                                  ../../LUFA/Drivers/USB/Class/Device/CDC.o
CDC_Device_ProcessControlRequest                  ../../LUFA/Drivers/USB/Class/Device/CDC.o
                                                  PowCap.o
CDC_Device_ReceiveByte                            ../../LUFA/Drivers/USB/Class/Device/CDC.o
                                                  PowCap.o
CDC_Device_SendByte                               ../../LUFA/Drivers/USB/Class/Device/CDC.o
                                                  PowCap.o
CDC_Device_SendControlLineStateChange             ../../LUFA/Drivers/USB/Class/Device/CDC.o
CDC_Device_SendData                               ../../LUFA/Drivers/USB/Class/Device/CDC.o
CDC_Device_SendString                             ../../LUFA/Drivers/USB/Class/Device/CDC.o
CDC_Device_USBTask                                ../../LUFA/Drivers/USB/Class/Device/CDC.o
                                                  PowCap.o
ConfigurationDescriptor                           Descriptors.o
DeviceDescriptor                                  Descriptors.o
EVENT_Audio_StreamStartStopChange                 ../../LUFA/Drivers/USB/Class/Device/Audio.o
EVENT_CDC_Device_BreakSent                        ../../LUFA/Drivers/USB/Class/Device/CDC.o
EVENT_CDC_Device_ControLineStateChanged           ../../LUFA/Drivers/USB/Class/Device/CDC.o
EVENT_CDC_Device_LineEncodingChanged              PowCap.o
EVENT_USB_Device_ConfigurationChanged             PowCap.o
                                                  ../../LUFA/Drivers/USB/Core/DeviceStandardReq.o
EVENT_USB_Device_Connect                          PowCap.o
                                                  ../../LUFA/Drivers/USB/Core/AVR8/USBInterrupt_AVR8.o
EVENT_USB_Device_ControlRequest                   PowCap.o
                                                  ../../LUFA/Drivers/USB/Core/DeviceStandardReq.o
EVENT_USB_Device_Disconnect                       PowCap.o
                                                  ../../LUFA/Drivers/USB/Core/AVR8/USBInterrupt_AVR8.o
EVENT_USB_Device_Reset                            ../../LUFA/Drivers/USB/Core/Events.o
                                                  ../../LUFA/Drivers/USB/Core/AVR8/USBInterrupt_AVR8.o
EVENT_USB_Device_StartOfFrame                     ../../LUFA/Drivers/USB/Core/Events.o
                                                  ../../LUFA/Drivers/USB/Core/AVR8/USBInterrupt_AVR8.o
EVENT_USB_Device_Suspend                          ../../LUFA/Drivers/USB/Core/Events.o
                                                  ../../LUFA/Drivers/USB/Core/AVR8/USBInterrupt_AVR8.o
EVENT_USB_Device_WakeUp                           ../../LUFA/Drivers/USB/Core/Events.o
                                                  ../../LUFA/Drivers/USB/Core/AVR8/USBInterrupt_AVR8.o
Endpoint_ClearEndpoints                           ../../LUFA/Drivers/USB/Core/AVR8/Endpoint_AVR8.o
Endpoint_ClearStatusStage                         ../../LUFA/Drivers/USB/Core/AVR8/Endpoint_AVR8.o
                                                  ../../LUFA/Drivers/USB/Class/Device/MassStorage.o
                                                  ../../LUFA/Drivers/USB/Class/Device/HID.o
                                                  ../../LUFA/Drivers/USB/Class/Device/CDC.o
                                                  ../../LUFA/Drivers/USB/Class/Device/Audio.o
                                                  ../../LUFA/Drivers/USB/Core/DeviceStandardReq.o
Endpoint_ConfigureEndpoint_Prv                    ../../LUFA/Drivers/USB/Core/AVR8/Endpoint_AVR8.o
                                                  ../../LUFA/Drivers/USB/Class/Device/RNDIS.o
                                                  ../../LUFA/Drivers/USB/Class/Device/MIDI.o
                                                  ../../LUFA/Drivers/USB/Class/Device/MassStorage.o
                                                  ../../LUFA/Drivers/USB/Class/Device/HID.o
                                                  ../../LUFA/Drivers/USB/Class/Device/CDC.o
                                                  ../../LUFA/Drivers/USB/Class/Device/Audio.o
                                                  ../../LUFA/Drivers/USB/Core/AVR8/USBInterrupt_AVR8.o
                                                  ../../LUFA/Drivers/USB/Core/AVR8/USBController_AVR8.o
Endpoint_Discard_Stream                           ../../LUFA/Drivers/USB/Core/AVR8/EndpointStream_AVR8.o
Endpoint_Null_Stream                              ../../LUFA/Drivers/USB/Core/AVR8/EndpointStream_AVR8.o
Endpoint_Read_Control_EStream_BE                  ../../LUFA/Drivers/USB/Core/AVR8/EndpointStream_AVR8.o
Endpoint_Read_Control_EStream_LE                  ../../LUFA/Drivers/USB/Core/AVR8/EndpointStream_AVR8.o
Endpoint_Read_Control_Stream_BE                   ../../LUFA/Drivers/USB/Core/AVR8/EndpointStream_AVR8.o
Endpoint_Read_Control_Stream_LE                   ../../LUFA/Drivers/USB/Core/AVR8/EndpointStream_AVR8.o
                                                  ../../LUFA/Drivers/USB/Class/Device/RNDIS.o
                                                  ../../LUFA/Drivers/USB/Class/Device/HID.o
                                                  ../../LUFA/Drivers/USB/Class/Device/CDC.o
                                                  ../../LUFA/Drivers/USB/Class/Device/Audio.o
Endpoint_Read_EStream_BE                          ../../LUFA/Drivers/USB/Core/AVR8/EndpointStream_AVR8.o
Endpoint_Read_EStream_LE                          ../../LUFA/Drivers/USB/Core/AVR8/EndpointStream_AVR8.o
Endpoint_Read_Stream_BE                           ../../LUFA/Drivers/USB/Core/AVR8/EndpointStream_AVR8.o
Endpoint_Read_Stream_LE                           ../../LUFA/Drivers/USB/Core/AVR8/EndpointStream_AVR8.o
                                                  ../../LUFA/Drivers/USB/Class/Device/RNDIS.o
                                                  ../../LUFA/Drivers/USB/Class/Device/MIDI.o
                                                  ../../LUFA/Drivers/USB/Class/Device/MassStorage.o
Endpoint_WaitUntilReady                           ../../LUFA/Drivers/USB/Core/AVR8/Endpoint_AVR8.o
                                                  ../../LUFA/Drivers/USB/Class/Device/RNDIS.o
                                                  ../../LUFA/Drivers/USB/Class/Device/MIDI.o
                                                  ../../LUFA/Drivers/USB/Class/Device/CDC.o
                                                  ../../LUFA/Drivers/USB/Core/AVR8/EndpointStream_AVR8.o
Endpoint_Write_Control_EStream_BE                 ../../LUFA/Drivers/USB/Core/AVR8/EndpointStream_AVR8.o
Endpoint_Write_Control_EStream_LE                 ../../LUFA/Drivers/USB/Core/AVR8/EndpointStream_AVR8.o
Endpoint_Write_Control_PStream_BE                 ../../LUFA/Drivers/USB/Core/AVR8/EndpointStream_AVR8.o
Endpoint_Write_Control_PStream_LE                 ../../LUFA/Drivers/USB/Core/AVR8/EndpointStream_AVR8.o
                                                  ../../LUFA/Drivers/USB/Core/DeviceStandardReq.o
Endpoint_Write_Control_Stream_BE                  ../../LUFA/Drivers/USB/Core/AVR8/EndpointStream_AVR8.o
Endpoint_Write_Control_Stream_LE                  ../../LUFA/Drivers/USB/Core/AVR8/EndpointStream_AVR8.o
                                                  ../../LUFA/Drivers/USB/Class/Device/RNDIS.o
                                                  ../../LUFA/Drivers/USB/Class/Device/HID.o
                                                  ../../LUFA/Drivers/USB/Class/Device/CDC.o
                                                  ../../LUFA/Drivers/USB/Class/Device/Audio.o
                                                  ../../LUFA/Drivers/USB/Core/DeviceStandardReq.o
Endpoint_Write_EStream_BE                         ../../LUFA/Drivers/USB/Core/AVR8/EndpointStream_AVR8.o
Endpoint_Write_EStream_LE                         ../../LUFA/Drivers/USB/Core/AVR8/EndpointStream_AVR8.o
Endpoint_Write_PStream_BE                         ../../LUFA/Drivers/USB/Core/AVR8/EndpointStream_AVR8.o
Endpoint_Write_PStream_LE                         ../../LUFA/Drivers/USB/Core/AVR8/EndpointStream_AVR8.o
Endpoint_Write_Stream_BE                          ../../LUFA/Drivers/USB/Core/AVR8/EndpointStream_AVR8.o
Endpoint_Write_Stream_LE                          ../../LUFA/Drivers/USB/Core/AVR8/EndpointStream_AVR8.o
                                                  ../../LUFA/Drivers/USB/Class/Device/RNDIS.o
                                                  ../../LUFA/Drivers/USB/Class/Device/MIDI.o
                                                  ../../LUFA/Drivers/USB/Class/Device/MassStorage.o
                                                  ../../LUFA/Drivers/USB/Class/Device/HID.o
                                                  ../../LUFA/Drivers/USB/Class/Device/CDC.o
FSM_State                                         commands.o
                                                  FSM.o
                                                  PowCap.o
HID_Device_ConfigureEndpoints                     ../../LUFA/Drivers/USB/Class/Device/HID.o
HID_Device_ProcessControlRequest                  ../../LUFA/Drivers/USB/Class/Device/HID.o
HID_Device_USBTask                                ../../LUFA/Drivers/USB/Class/Device/HID.o
LanguageString                                    Descriptors.o
MIDI_Device_ConfigureEndpoints                    ../../LUFA/Drivers/USB/Class/Device/MIDI.o
MIDI_Device_Flush                                 ../../LUFA/Drivers/USB/Class/Device/MIDI.o
MIDI_Device_ReceiveEventPacket                    ../../LUFA/Drivers/USB/Class/Device/MIDI.o
MIDI_Device_SendEventPacket                       ../../LUFA/Drivers/USB/Class/Device/MIDI.o
MIDI_Device_USBTask                               ../../LUFA/Drivers/USB/Class/Device/MIDI.o
MS_Device_ConfigureEndpoints                      ../../LUFA/Drivers/USB/Class/Device/MassStorage.o
MS_Device_ProcessControlRequest                   ../../LUFA/Drivers/USB/Class/Device/MassStorage.o
MS_Device_USBTask                                 ../../LUFA/Drivers/USB/Class/Device/MassStorage.o
ManufacturerString                                Descriptors.o
ProductString                                     Descriptors.o
RNDIS_Device_ConfigureEndpoints                   ../../LUFA/Drivers/USB/Class/Device/RNDIS.o
RNDIS_Device_IsPacketReceived                     ../../LUFA/Drivers/USB/Class/Device/RNDIS.o
RNDIS_Device_ProcessControlRequest                ../../LUFA/Drivers/USB/Class/Device/RNDIS.o
RNDIS_Device_ReadPacket                           ../../LUFA/Drivers/USB/Class/Device/RNDIS.o
RNDIS_Device_SendPacket                           ../../LUFA/Drivers/USB/Class/Device/RNDIS.o
RNDIS_Device_USBTask                              ../../LUFA/Drivers/USB/Class/Device/RNDIS.o
SPI_MasterInit                                    SPI.o
                                                  PowCap.o
SPI_MaterTransmit                                 SPI.o
                                                  commands.o
SetupHardware                                     PowCap.o
USB_ConfigurationNumber                           ../../LUFA/Drivers/USB/Core/DeviceStandardReq.o
                                                  ../../LUFA/Drivers/USB/Core/AVR8/USBInterrupt_AVR8.o
                                                  ../../LUFA/Drivers/USB/Core/AVR8/USBController_AVR8.o
USB_ControlRequest                                ../../LUFA/Drivers/USB/Class/Device/RNDIS.o
                                                  ../../LUFA/Drivers/USB/Class/Device/MassStorage.o
                                                  ../../LUFA/Drivers/USB/Class/Device/HID.o
                                                  ../../LUFA/Drivers/USB/Class/Device/CDC.o
                                                  ../../LUFA/Drivers/USB/Class/Device/Audio.o
                                                  ../../LUFA/Drivers/USB/Core/USBTask.o
                                                  ../../LUFA/Drivers/USB/Core/DeviceStandardReq.o
                                                  ../../LUFA/Drivers/USB/Core/AVR8/EndpointStream_AVR8.o
                                                  ../../LUFA/Drivers/USB/Core/AVR8/Endpoint_AVR8.o
USB_CurrentlySelfPowered                          ../../LUFA/Drivers/USB/Core/DeviceStandardReq.o
                                                  ../../LUFA/Drivers/USB/Core/AVR8/USBController_AVR8.o
USB_Device_ProcessControlRequest                  ../../LUFA/Drivers/USB/Core/DeviceStandardReq.o
                                                  ../../LUFA/Drivers/USB/Core/USBTask.o
                                                  ../../LUFA/Drivers/USB/Core/AVR8/USBInterrupt_AVR8.o
USB_Device_SendRemoteWakeup                       ../../LUFA/Drivers/USB/Core/AVR8/Device_AVR8.o
USB_Disable                                       ../../LUFA/Drivers/USB/Core/AVR8/USBController_AVR8.o
USB_Event_Stub                                    ../../LUFA/Drivers/USB/Core/Events.o
USB_GetHIDReportItemInfo                          ../../LUFA/Drivers/USB/Class/Common/HIDParser.o
USB_GetHIDReportSize                              ../../LUFA/Drivers/USB/Class/Common/HIDParser.o
USB_GetNextDescriptorComp                         ../../LUFA/Drivers/USB/Core/ConfigDescriptor.o
USB_GetNextDescriptorOfType                       ../../LUFA/Drivers/USB/Core/ConfigDescriptor.o
USB_GetNextDescriptorOfTypeAfter                  ../../LUFA/Drivers/USB/Core/ConfigDescriptor.o
USB_GetNextDescriptorOfTypeBefore                 ../../LUFA/Drivers/USB/Core/ConfigDescriptor.o
USB_INT_ClearAllInterrupts                        ../../LUFA/Drivers/USB/Core/AVR8/USBInterrupt_AVR8.o
                                                  ../../LUFA/Drivers/USB/Core/AVR8/USBController_AVR8.o
USB_INT_DisableAllInterrupts                      ../../LUFA/Drivers/USB/Core/AVR8/USBInterrupt_AVR8.o
                                                  ../../LUFA/Drivers/USB/Core/AVR8/USBController_AVR8.o
USB_Init                                          ../../LUFA/Drivers/USB/Core/AVR8/USBController_AVR8.o
                                                  PowCap.o
USB_IsInitialized                                 ../../LUFA/Drivers/USB/Core/USBTask.o
                                                  ../../LUFA/Drivers/USB/Core/AVR8/USBController_AVR8.o
USB_ProcessHIDReport                              ../../LUFA/Drivers/USB/Class/Common/HIDParser.o
USB_RemoteWakeupEnabled                           ../../LUFA/Drivers/USB/Core/DeviceStandardReq.o
                                                  ../../LUFA/Drivers/USB/Core/AVR8/USBController_AVR8.o
USB_ResetInterface                                ../../LUFA/Drivers/USB/Core/AVR8/USBController_AVR8.o
USB_SetHIDReportItemInfo                          ../../LUFA/Drivers/USB/Class/Common/HIDParser.o
USB_USBTask                                       ../../LUFA/Drivers/USB/Core/USBTask.o
                                                  ../../LUFA/Drivers/USB/Class/Device/CDC.o
                                                  PowCap.o
VirtualSerial_CDC_Interface                       PowCap.o
__bad_interrupt                                   /usr/lib/gcc/avr/4.3.4/../../../avr/lib/avr5/crtm32u4.o
__bss_end                                         /usr/lib/gcc/avr/4.3.4/avr5/libgcc.a(_clear_bss.o)
__bss_start                                       /usr/lib/gcc/avr/4.3.4/avr5/libgcc.a(_clear_bss.o)
__ctype_isfalse                                   /usr/lib/gcc/avr/4.3.4/../../../avr/lib/avr5/libc.a(cty_isfalse.o)
                                                  /usr/lib/gcc/avr/4.3.4/../../../avr/lib/avr5/libc.a(isspace.o)
                                                  /usr/lib/gcc/avr/4.3.4/../../../avr/lib/avr5/libc.a(isxdigit.o)
__ctype_istrue                                    /usr/lib/gcc/avr/4.3.4/../../../avr/lib/avr5/libc.a(cty_isfalse.o)
__data_end                                        /usr/lib/gcc/avr/4.3.4/avr5/libgcc.a(_copy_data.o)
__data_load_start                                 /usr/lib/gcc/avr/4.3.4/avr5/libgcc.a(_copy_data.o)
__data_start                                      /usr/lib/gcc/avr/4.3.4/avr5/libgcc.a(_copy_data.o)
__do_clear_bss                                    /usr/lib/gcc/avr/4.3.4/avr5/libgcc.a(_clear_bss.o)
                                                  /usr/lib/gcc/avr/4.3.4/../../../avr/lib/avr5/libc.a(errno.o)
                                                  /usr/lib/gcc/avr/4.3.4/../../../avr/lib/avr5/libc.a(strtol.o)
                                                  ../../LUFA/Drivers/USB/Class/Host/StillImage.o
                                                  ../../LUFA/Drivers/USB/Class/Host/RNDIS.o
                                                  ../../LUFA/Drivers/USB/Class/Host/Printer.o
                                                  ../../LUFA/Drivers/USB/Class/Host/MIDI.o
                                                  ../../LUFA/Drivers/USB/Class/Host/MassStorage.o
                                                  ../../LUFA/Drivers/USB/Class/Host/HID.o
                                                  ../../LUFA/Drivers/USB/Class/Host/CDC.o
                                                  ../../LUFA/Drivers/USB/Class/Host/Audio.o
                                                  ../../LUFA/Drivers/USB/Class/Device/RNDIS.o
                                                  ../../LUFA/Drivers/USB/Class/Device/MIDI.o
                                                  ../../LUFA/Drivers/USB/Class/Device/MassStorage.o
                                                  ../../LUFA/Drivers/USB/Class/Device/HID.o
                                                  ../../LUFA/Drivers/USB/Class/Device/CDC.o
                                                  ../../LUFA/Drivers/USB/Class/Device/Audio.o
                                                  ../../LUFA/Drivers/USB/Class/Common/HIDParser.o
                                                  ../../LUFA/Drivers/USB/Core/USBTask.o
                                                  ../../LUFA/Drivers/USB/Core/HostStandardReq.o
                                                  ../../LUFA/Drivers/USB/Core/Events.o
                                                  ../../LUFA/Drivers/USB/Core/DeviceStandardReq.o
                                                  ../../LUFA/Drivers/USB/Core/ConfigDescriptor.o
                                                  ../../LUFA/Drivers/USB/Core/AVR8/PipeStream_AVR8.o
                                                  ../../LUFA/Drivers/USB/Core/AVR8/EndpointStream_AVR8.o
                                                  ../../LUFA/Drivers/USB/Core/AVR8/USBInterrupt_AVR8.o
                                                  ../../LUFA/Drivers/USB/Core/AVR8/USBController_AVR8.o
                                                  ../../LUFA/Drivers/USB/Core/AVR8/Pipe_AVR8.o
                                                  ../../LUFA/Drivers/USB/Core/AVR8/Host_AVR8.o
                                                  ../../LUFA/Drivers/USB/Core/AVR8/Endpoint_AVR8.o
                                                  ../../LUFA/Drivers/USB/Core/AVR8/Device_AVR8.o
                                                  commands.o
                                                  FSM.o
                                                  filters.o
                                                  SPI.o
                                                  Descriptors.o
                                                  PowCap.o
__do_copy_data                                    /usr/lib/gcc/avr/4.3.4/avr5/libgcc.a(_copy_data.o)
                                                  /usr/lib/gcc/avr/4.3.4/../../../avr/lib/avr5/libc.a(errno.o)
                                                  /usr/lib/gcc/avr/4.3.4/../../../avr/lib/avr5/libc.a(strtol.o)
                                                  ../../LUFA/Drivers/USB/Class/Host/StillImage.o
                                                  ../../LUFA/Drivers/USB/Class/Host/RNDIS.o
                                                  ../../LUFA/Drivers/USB/Class/Host/Printer.o
                                                  ../../LUFA/Drivers/USB/Class/Host/MIDI.o
                                                  ../../LUFA/Drivers/USB/Class/Host/MassStorage.o
                                                  ../../LUFA/Drivers/USB/Class/Host/HID.o
                                                  ../../LUFA/Drivers/USB/Class/Host/CDC.o
                                                  ../../LUFA/Drivers/USB/Class/Host/Audio.o
                                                  ../../LUFA/Drivers/USB/Class/Device/RNDIS.o
                                                  ../../LUFA/Drivers/USB/Class/Device/MIDI.o
                                                  ../../LUFA/Drivers/USB/Class/Device/MassStorage.o
                                                  ../../LUFA/Drivers/USB/Class/Device/HID.o
                                                  ../../LUFA/Drivers/USB/Class/Device/CDC.o
                                                  ../../LUFA/Drivers/USB/Class/Device/Audio.o
                                                  ../../LUFA/Drivers/USB/Class/Common/HIDParser.o
                                                  ../../LUFA/Drivers/USB/Core/USBTask.o
                                                  ../../LUFA/Drivers/USB/Core/HostStandardReq.o
                                                  ../../LUFA/Drivers/USB/Core/Events.o
                                                  ../../LUFA/Drivers/USB/Core/DeviceStandardReq.o
                                                  ../../LUFA/Drivers/USB/Core/ConfigDescriptor.o
                                                  ../../LUFA/Drivers/USB/Core/AVR8/PipeStream_AVR8.o
                                                  ../../LUFA/Drivers/USB/Core/AVR8/EndpointStream_AVR8.o
                                                  ../../LUFA/Drivers/USB/Core/AVR8/USBInterrupt_AVR8.o
                                                  ../../LUFA/Drivers/USB/Core/AVR8/USBController_AVR8.o
                                                  ../../LUFA/Drivers/USB/Core/AVR8/Pipe_AVR8.o
                                                  ../../LUFA/Drivers/USB/Core/AVR8/Host_AVR8.o
                                                  ../../LUFA/Drivers/USB/Core/AVR8/Endpoint_AVR8.o
                                                  ../../LUFA/Drivers/USB/Core/AVR8/Device_AVR8.o
                                                  commands.o
                                                  FSM.o
                                                  filters.o
                                                  SPI.o
                                                  Descriptors.o
                                                  PowCap.o
__eerd_byte_m32u4                                 /usr/lib/gcc/avr/4.3.4/../../../avr/lib/avr5/libc.a(eerd_byte_atmega32u4.o)
                                                  ../../LUFA/Drivers/USB/Core/AVR8/EndpointStream_AVR8.o
__eeupd_byte_m32u4                                /usr/lib/gcc/avr/4.3.4/../../../avr/lib/avr5/libc.a(eeupd_byte_atmega32u4.o)
                                                  ../../LUFA/Drivers/USB/Core/AVR8/EndpointStream_AVR8.o
__eeupd_r18_m32u4                                 /usr/lib/gcc/avr/4.3.4/../../../avr/lib/avr5/libc.a(eeupd_byte_atmega32u4.o)
__heap_end                                        /usr/lib/gcc/avr/4.3.4/../../../avr/lib/avr5/crtm32u4.o
__init                                            /usr/lib/gcc/avr/4.3.4/../../../avr/lib/avr5/crtm32u4.o
__mulsi3                                          /usr/lib/gcc/avr/4.3.4/avr5/libgcc.a(_mulsi3.o)
                                                  /usr/lib/gcc/avr/4.3.4/../../../avr/lib/avr5/libc.a(strtol.o)
__stack                                           /usr/lib/gcc/avr/4.3.4/../../../avr/lib/avr5/crtm32u4.o
__udivmodsi4                                      /usr/lib/gcc/avr/4.3.4/avr5/libgcc.a(_udivmodsi4.o)
                                                  /usr/lib/gcc/avr/4.3.4/../../../avr/lib/avr5/libc.a(strtol.o)
__vector_1                                        /usr/lib/gcc/avr/4.3.4/../../../avr/lib/avr5/crtm32u4.o
__vector_10                                       ../../LUFA/Drivers/USB/Core/AVR8/USBInterrupt_AVR8.o
                                                  /usr/lib/gcc/avr/4.3.4/../../../avr/lib/avr5/crtm32u4.o
__vector_11                                       ../../LUFA/Drivers/USB/Core/AVR8/USBInterrupt_AVR8.o
                                                  /usr/lib/gcc/avr/4.3.4/../../../avr/lib/avr5/crtm32u4.o
__vector_12                                       /usr/lib/gcc/avr/4.3.4/../../../avr/lib/avr5/crtm32u4.o
__vector_13                                       /usr/lib/gcc/avr/4.3.4/../../../avr/lib/avr5/crtm32u4.o
__vector_14                                       /usr/lib/gcc/avr/4.3.4/../../../avr/lib/avr5/crtm32u4.o
__vector_15                                       /usr/lib/gcc/avr/4.3.4/../../../avr/lib/avr5/crtm32u4.o
__vector_16                                       /usr/lib/gcc/avr/4.3.4/../../../avr/lib/avr5/crtm32u4.o
__vector_17                                       /usr/lib/gcc/avr/4.3.4/../../../avr/lib/avr5/crtm32u4.o
__vector_18                                       /usr/lib/gcc/avr/4.3.4/../../../avr/lib/avr5/crtm32u4.o
__vector_19                                       /usr/lib/gcc/avr/4.3.4/../../../avr/lib/avr5/crtm32u4.o
__vector_2                                        /usr/lib/gcc/avr/4.3.4/../../../avr/lib/avr5/crtm32u4.o
__vector_20                                       /usr/lib/gcc/avr/4.3.4/../../../avr/lib/avr5/crtm32u4.o
__vector_21                                       /usr/lib/gcc/avr/4.3.4/../../../avr/lib/avr5/crtm32u4.o
__vector_22                                       /usr/lib/gcc/avr/4.3.4/../../../avr/lib/avr5/crtm32u4.o
__vector_23                                       /usr/lib/gcc/avr/4.3.4/../../../avr/lib/avr5/crtm32u4.o
__vector_24                                       /usr/lib/gcc/avr/4.3.4/../../../avr/lib/avr5/crtm32u4.o
__vector_25                                       /usr/lib/gcc/avr/4.3.4/../../../avr/lib/avr5/crtm32u4.o
__vector_26                                       /usr/lib/gcc/avr/4.3.4/../../../avr/lib/avr5/crtm32u4.o
__vector_27                                       /usr/lib/gcc/avr/4.3.4/../../../avr/lib/avr5/crtm32u4.o
__vector_28                                       /usr/lib/gcc/avr/4.3.4/../../../avr/lib/avr5/crtm32u4.o
__vector_29                                       /usr/lib/gcc/avr/4.3.4/../../../avr/lib/avr5/crtm32u4.o
__vector_3                                        /usr/lib/gcc/avr/4.3.4/../../../avr/lib/avr5/crtm32u4.o
__vector_30                                       /usr/lib/gcc/avr/4.3.4/../../../avr/lib/avr5/crtm32u4.o
__vector_31                                       /usr/lib/gcc/avr/4.3.4/../../../avr/lib/avr5/crtm32u4.o
__vector_32                                       /usr/lib/gcc/avr/4.3.4/../../../avr/lib/avr5/crtm32u4.o
__vector_33                                       /usr/lib/gcc/avr/4.3.4/../../../avr/lib/avr5/crtm32u4.o
__vector_34                                       /usr/lib/gcc/avr/4.3.4/../../../avr/lib/avr5/crtm32u4.o
__vector_35                                       /usr/lib/gcc/avr/4.3.4/../../../avr/lib/avr5/crtm32u4.o
__vector_36                                       /usr/lib/gcc/avr/4.3.4/../../../avr/lib/avr5/crtm32u4.o
__vector_37                                       /usr/lib/gcc/avr/4.3.4/../../../avr/lib/avr5/crtm32u4.o
__vector_38                                       /usr/lib/gcc/avr/4.3.4/../../../avr/lib/avr5/crtm32u4.o
__vector_39                                       /usr/lib/gcc/avr/4.3.4/../../../avr/lib/avr5/crtm32u4.o
__vector_4                                        /usr/lib/gcc/avr/4.3.4/../../../avr/lib/avr5/crtm32u4.o
__vector_40                                       /usr/lib/gcc/avr/4.3.4/../../../avr/lib/avr5/crtm32u4.o
__vector_41                                       /usr/lib/gcc/avr/4.3.4/../../../avr/lib/avr5/crtm32u4.o
__vector_42                                       /usr/lib/gcc/avr/4.3.4/../../../avr/lib/avr5/crtm32u4.o
__vector_5                                        /usr/lib/gcc/avr/4.3.4/../../../avr/lib/avr5/crtm32u4.o
__vector_6                                        /usr/lib/gcc/avr/4.3.4/../../../avr/lib/avr5/crtm32u4.o
__vector_7                                        /usr/lib/gcc/avr/4.3.4/../../../avr/lib/avr5/crtm32u4.o
__vector_8                                        /usr/lib/gcc/avr/4.3.4/../../../avr/lib/avr5/crtm32u4.o
__vector_9                                        /usr/lib/gcc/avr/4.3.4/../../../avr/lib/avr5/crtm32u4.o
__vector_default                                  /usr/lib/gcc/avr/4.3.4/../../../avr/lib/avr5/crtm32u4.o
__vectors                                         /usr/lib/gcc/avr/4.3.4/../../../avr/lib/avr5/crtm32u4.o
_exit                                             /usr/lib/gcc/avr/4.3.4/avr5/libgcc.a(_exit.o)
cb_command                                        commands.o
                                                  FSM.o
                                                  PowCap.o
cb_filter1                                        commands.o
                                                  FSM.o
cb_filter2                                        commands.o
                                                  FSM.o
cb_gain1                                          commands.o
                                                  FSM.o
cb_gain2                                          commands.o
                                                  FSM.o
cb_notch1                                         commands.o
                                                  FSM.o
cb_notch2                                         commands.o
                                                  FSM.o
cmd                                               commands.o
                                                  FSM.o
                                                  PowCap.o
errno                                             /usr/lib/gcc/avr/4.3.4/../../../avr/lib/avr5/libc.a(errno.o)
                                                  /usr/lib/gcc/avr/4.3.4/../../../avr/lib/avr5/libc.a(strtol.o)
exit                                              /usr/lib/gcc/avr/4.3.4/avr5/libgcc.a(_exit.o)
                                                  /usr/lib/gcc/avr/4.3.4/../../../avr/lib/avr5/crtm32u4.o
filters_MasterInit                                filters.o
                                                  PowCap.o
init_FSM                                          FSM.o
init_callbacks                                    FSM.o
init_command                                      FSM.o
isspace                                           /usr/lib/gcc/avr/4.3.4/../../../avr/lib/avr5/libc.a(isspace.o)
                                                  /usr/lib/gcc/avr/4.3.4/../../../avr/lib/avr5/libc.a(strtol.o)
                                                  FSM.o
isxdigit                                          /usr/lib/gcc/avr/4.3.4/../../../avr/lib/avr5/libc.a(isxdigit.o)
                                                  FSM.o
main                                              PowCap.o
                                                  /usr/lib/gcc/avr/4.3.4/../../../avr/lib/avr5/crtm32u4.o
memcmp                                            /usr/lib/gcc/avr/4.3.4/../../../avr/lib/avr5/libc.a(memcmp.o)
                                                  ../../LUFA/Drivers/USB/Class/Device/HID.o
memcpy                                            /usr/lib/gcc/avr/4.3.4/../../../avr/lib/avr5/libc.a(memcpy.o)
                                                  ../../LUFA/Drivers/USB/Class/Device/RNDIS.o
                                                  ../../LUFA/Drivers/USB/Class/Device/HID.o
memcpy_P                                          /usr/lib/gcc/avr/4.3.4/../../../avr/lib/avr5/libc.a(memcpy_P.o)
                                                  ../../LUFA/Drivers/USB/Class/Device/RNDIS.o
memset                                            /usr/lib/gcc/avr/4.3.4/../../../avr/lib/avr5/libc.a(memset.o)
                                                  ../../LUFA/Drivers/USB/Class/Device/HID.o
process_byte                                      FSM.o
                                                  PowCap.o
search_callback                                   FSM.o
set_command                                       FSM.o
set_param0                                        FSM.o
set_param1                                        FSM.o
setup_callbacks                                   FSM.o
                                                  PowCap.o
strtol                                            /usr/lib/gcc/avr/4.3.4/../../../avr/lib/avr5/libc.a(strtol.o)
                                                  commands.o
